###############################################################################
#
# IAR ELF Linker V7.50.2.10312/W32 for ARM                07/Apr/2016  10:04:27
# Copyright 2007-2015 IAR Systems AB.
#
#    Output file  =  
#        D:\Hh\Telepresency\STM32F407Discovery\EWARM\STM32F407Discovery\Exe\STM32F407Discovery.out
#    Map file     =  
#        D:\Hh\Telepresency\STM32F407Discovery\EWARM\STM32F407Discovery\List\STM32F407Discovery.map
#    Command line =  
#        D:\Hh\Telepresency\STM32F407Discovery\EWARM\STM32F407Discovery\Obj\APP_Console.o
#        D:\Hh\Telepresency\STM32F407Discovery\EWARM\STM32F407Discovery\Obj\APP_Console_TBL.o
#        D:\Hh\Telepresency\STM32F407Discovery\EWARM\STM32F407Discovery\Obj\APP_MotorDriver.o
#        D:\Hh\Telepresency\STM32F407Discovery\EWARM\STM32F407Discovery\Obj\APP_STM.o
#        D:\Hh\Telepresency\STM32F407Discovery\EWARM\STM32F407Discovery\Obj\CDL_Printf.o
#        D:\Hh\Telepresency\STM32F407Discovery\EWARM\STM32F407Discovery\Obj\CDL_PWM.o
#        D:\Hh\Telepresency\STM32F407Discovery\EWARM\STM32F407Discovery\Obj\cmsis_os.o
#        D:\Hh\Telepresency\STM32F407Discovery\EWARM\STM32F407Discovery\Obj\croutine.o
#        D:\Hh\Telepresency\STM32F407Discovery\EWARM\STM32F407Discovery\Obj\event_groups.o
#        D:\Hh\Telepresency\STM32F407Discovery\EWARM\STM32F407Discovery\Obj\freertos.o
#        D:\Hh\Telepresency\STM32F407Discovery\EWARM\STM32F407Discovery\Obj\heap_4.o
#        D:\Hh\Telepresency\STM32F407Discovery\EWARM\STM32F407Discovery\Obj\list.o
#        D:\Hh\Telepresency\STM32F407Discovery\EWARM\STM32F407Discovery\Obj\main.o
#        D:\Hh\Telepresency\STM32F407Discovery\EWARM\STM32F407Discovery\Obj\port.o
#        D:\Hh\Telepresency\STM32F407Discovery\EWARM\STM32F407Discovery\Obj\portasm.o
#        D:\Hh\Telepresency\STM32F407Discovery\EWARM\STM32F407Discovery\Obj\queue.o
#        D:\Hh\Telepresency\STM32F407Discovery\EWARM\STM32F407Discovery\Obj\startup_stm32f407xx.o
#        D:\Hh\Telepresency\STM32F407Discovery\EWARM\STM32F407Discovery\Obj\stm32f4xx_hal.o
#        D:\Hh\Telepresency\STM32F407Discovery\EWARM\STM32F407Discovery\Obj\stm32f4xx_hal_cortex.o
#        D:\Hh\Telepresency\STM32F407Discovery\EWARM\STM32F407Discovery\Obj\stm32f4xx_hal_dma.o
#        D:\Hh\Telepresency\STM32F407Discovery\EWARM\STM32F407Discovery\Obj\stm32f4xx_hal_dma_ex.o
#        D:\Hh\Telepresency\STM32F407Discovery\EWARM\STM32F407Discovery\Obj\stm32f4xx_hal_flash.o
#        D:\Hh\Telepresency\STM32F407Discovery\EWARM\STM32F407Discovery\Obj\stm32f4xx_hal_flash_ex.o
#        D:\Hh\Telepresency\STM32F407Discovery\EWARM\STM32F407Discovery\Obj\stm32f4xx_hal_flash_ramfunc.o
#        D:\Hh\Telepresency\STM32F407Discovery\EWARM\STM32F407Discovery\Obj\stm32f4xx_hal_gpio.o
#        D:\Hh\Telepresency\STM32F407Discovery\EWARM\STM32F407Discovery\Obj\stm32f4xx_hal_i2c.o
#        D:\Hh\Telepresency\STM32F407Discovery\EWARM\STM32F407Discovery\Obj\stm32f4xx_hal_i2c_ex.o
#        D:\Hh\Telepresency\STM32F407Discovery\EWARM\STM32F407Discovery\Obj\stm32f4xx_hal_msp.o
#        D:\Hh\Telepresency\STM32F407Discovery\EWARM\STM32F407Discovery\Obj\stm32f4xx_hal_pwr.o
#        D:\Hh\Telepresency\STM32F407Discovery\EWARM\STM32F407Discovery\Obj\stm32f4xx_hal_pwr_ex.o
#        D:\Hh\Telepresency\STM32F407Discovery\EWARM\STM32F407Discovery\Obj\stm32f4xx_hal_rcc.o
#        D:\Hh\Telepresency\STM32F407Discovery\EWARM\STM32F407Discovery\Obj\stm32f4xx_hal_rcc_ex.o
#        D:\Hh\Telepresency\STM32F407Discovery\EWARM\STM32F407Discovery\Obj\stm32f4xx_hal_rtc.o
#        D:\Hh\Telepresency\STM32F407Discovery\EWARM\STM32F407Discovery\Obj\stm32f4xx_hal_rtc_ex.o
#        D:\Hh\Telepresency\STM32F407Discovery\EWARM\STM32F407Discovery\Obj\stm32f4xx_hal_tim.o
#        D:\Hh\Telepresency\STM32F407Discovery\EWARM\STM32F407Discovery\Obj\stm32f4xx_hal_tim_ex.o
#        D:\Hh\Telepresency\STM32F407Discovery\EWARM\STM32F407Discovery\Obj\stm32f4xx_hal_uart.o
#        D:\Hh\Telepresency\STM32F407Discovery\EWARM\STM32F407Discovery\Obj\stm32f4xx_it.o
#        D:\Hh\Telepresency\STM32F407Discovery\EWARM\STM32F407Discovery\Obj\system_stm32f4xx.o
#        D:\Hh\Telepresency\STM32F407Discovery\EWARM\STM32F407Discovery\Obj\tasks.o
#        D:\Hh\Telepresency\STM32F407Discovery\EWARM\STM32F407Discovery\Obj\timers.o
#        --redirect _Printf=_PrintfFull --redirect _Scanf=_ScanfFull -o
#        D:\Hh\Telepresency\STM32F407Discovery\EWARM\STM32F407Discovery\Exe\STM32F407Discovery.out
#        --map
#        D:\Hh\Telepresency\STM32F407Discovery\EWARM\STM32F407Discovery\List\STM32F407Discovery.map
#        --config
#        D:\Hh\Telepresency\STM32F407Discovery\EWARM/stm32f407xx_flash.icf
#        --semihosting --entry __iar_program_start --vfe
#
###############################################################################

*******************************************************************************
*** RUNTIME MODEL ATTRIBUTES
***

CppFlavor                     = *
__Heap_Handler                = Basic
__SystemLibrary               = DLib
__dlib_dynamic_initialization = normal


*******************************************************************************
*** PLACEMENT SUMMARY
***

"A1":  place at 0x08000000 { ro section .intvec };
"P1":  place in [from 0x08000000 to 0x080fffff] { ro };
"P2":  place in [from 0x20000000 to 0x2001ffff] { rw, block CSTACK, block HEAP };

  Section             Kind        Address    Size  Object
  -------             ----        -------    ----  ------
"A1":                                       0x188
  .intvec             ro code  0x08000000   0x188  startup_stm32f407xx.o [1]
                             - 0x08000188   0x188

"P1":                                      0x7e38
  .text               ro code  0x08000188  0x1166  xprintffull.o [3]
  .text               ro code  0x080012ee    0x20  xmbtowc.o [3]
  .text               ro code  0x08001310    0x16  strchr.o [5]
  .text               ro code  0x08001328    0x36  strlen.o [5]
  .text               ro code  0x08001360    0x58  memchr.o [5]
  .text               ro code  0x080013b8     0xa  xmbcurmax.o [3]
  .text               ro code  0x080013c4    0xb0  xxmemxmalloc.o [3]
  .text               ro code  0x08001474    0x1a  xwctomb.o [3]
  .text               ro code  0x08001490    0x76  ABImemcpy_unaligned.o [5]
  .text               ro code  0x08001508    0x80  xxmemxfree.o [3]
  .text               ro code  0x08001588    0xee  I64DivMod.o [5]
  .text               ro code  0x08001676    0x42  xdnorm.o [4]
  .text               ro code  0x080016b8    0x2e  DblCmpLe.o [4]
  .text               ro code  0x080016e8    0x2e  DblCmpGe.o [4]
  .text               ro code  0x08001718   0x114  xdscale.o [4]
  .text               ro code  0x0800182c    0x58  DblToI32.o [4]
  .text               ro code  0x08001884    0x30  I32ToDbl.o [4]
  .text               ro code  0x080018b4   0x180  DblSub.o [4]
  .text               ro code  0x08001a34   0x1a2  DblMul.o [4]
  .text               ro code  0x08001bd8   0x256  DblDiv.o [4]
  .text               ro code  0x08001e30    0x6c  localeconv.o [3]
  .text               ro code  0x08001e9c     0xe  div.o [3]
  .text               ro code  0x08001eac    0x14  setlocale.o [3]
  .text               ro code  0x08001ec0    0x60  xencoding_sb.o [3]
  .text               ro code  0x08001f20    0x2c  xgetmemchunk.o [3]
  .text               ro code  0x08001f4c     0x2  I64DivZer.o [5]
  .text               ro code  0x08001f50    0xe8  DblAdd.o [4]
  .text               ro code  0x08002038     0x2  xtls.o [3]
  .text               ro code  0x0800203c   0xc08  APP_MotorDriver.o [1]
  .text               ro code  0x08002c44    0x7e  CDL_PWM.o [1]
  .text               ro code  0x08002cc4   0x288  cmsis_os.o [1]
  .text               ro code  0x08002f4c    0x88  CDL_Printf.o [1]
  .text               ro code  0x08002fd4   0x870  tasks.o [1]
  .text               ro code  0x08003844   0x1e8  port.o [1]
  .text               ro code  0x08003a2c    0x4e  FltToDbl.o [4]
  .text               ro code  0x08003a7c    0x24  printf.o [3]
  .text               ro code  0x08003aa0   0x462  xsin.o [4]
  .text               ro code  0x08003f04   0x3e0  stm32f4xx_hal_tim.o [1]
  .text               ro code  0x080042e4    0x8a  stm32f4xx_hal_tim_ex.o [1]
  .text               ro code  0x08004370   0x204  stm32f4xx_hal_gpio.o [1]
  .text               ro code  0x08004574   0x348  timers.o [1]
  .text               ro code  0x080048bc   0x684  queue.o [1]
  .text               ro code  0x08004f40   0x57e  stm32f4xx_hal_uart.o [1]
  .text               ro code  0x080054be    0x8e  list.o [1]
  .text               ro code  0x0800554c   0x1ac  heap_4.o [1]
  .text               ro code  0x080056f8    0x3a  ABImemset48.o [5]
  CODE                ro code  0x08005734    0xa8  portasm.o [1]
  .text               ro code  0x080057dc     0xc  errno.o [3]
  .text               ro code  0x080057e8   0x168  xquad.o [4]
  .text               ro code  0x08005950    0xfc  stm32f4xx_hal_msp.o [1]
  .text               ro code  0x08005a4c    0x6c  stm32f4xx_hal.o [1]
  .text               ro code  0x08005ab8   0x434  stm32f4xx_hal_rcc.o [1]
  .text               ro code  0x08005eec    0x7a  xdint.o [4]
  .text               ro code  0x08005f68    0x20  DblCmpEq.o [4]
  .text               ro code  0x08005f88   0x1a8  fmod.o [4]
  .text               ro code  0x08006130    0xe4  stm32f4xx_hal_cortex.o [1]
  .text               ro code  0x08006214     0xc  iarEdom.o [5]
  .text               ro code  0x08006220   0x8c0  pow.o [4]
  .text               ro code  0x08006ae0    0xb0  xlog.o [4]
  .text               ro code  0x08006b90   0x2c6  xexp.o [4]
  .text               ro code  0x08006e56    0x40  xdtest.o [4]
  .text               ro code  0x08006e98   0x4c4  main.o [1]
  .text               ro code  0x0800735c    0xdc  stm32f4xx_hal_i2c.o [1]
  .text               ro code  0x08007438   0x364  APP_Console.o [1]
  .text               ro code  0x0800779c     0x6  ABImemclr4.o [5]
  .text               ro code  0x080077a2    0x28  strncmp.o [3]
  .text               ro code  0x080077cc    0x90  DblToFlt.o [4]
  .text               ro code  0x0800785c   0x17c  APP_Console_TBL.o [1]
  .text               ro code  0x080079d8   0x106  stm32f4xx_it.o [1]
  .rodata             const    0x08007ae0    0xf0  APP_Console_TBL.o [1]
  .text               ro code  0x08007bd0    0x50  system_stm32f4xx.o [1]
  .text               ro code  0x08007c20    0x40  zero_init3.o [5]
  .text               ro code  0x08007c60    0x3c  APP_STM.o [1]
  .text               ro code  0x08007c9c    0x38  packbits_init_single.o [5]
  .rodata             const    0x08007cd4    0x30  main.o [1]
  .text               ro code  0x08007d04    0x28  data_init.o [5]
  .text               ro code  0x08007d2c    0x22  fpinit_M.o [4]
  .iar.init_table     const    0x08007d50    0x20  - Linker created -
  .text               ro code  0x08007d70    0x1a  cmain.o [5]
  .text               ro code  0x08007d8a     0x4  low_level_init.o [3]
  .text               ro code  0x08007d8e     0x4  exit.o [3]
  .text               ro code  0x08007d94     0xa  cexit.o [5]
  .text               ro code  0x08007da0    0x14  exit.o [6]
  .text               ro code  0x08007db4    0x16  xprout.o [3]
  .text               ro code  0x08007dcc     0xc  putchar.o [3]
  .text               ro code  0x08007dd8    0x10  startup_stm32f407xx.o [1]
  .text               ro code  0x08007de8     0xc  cstartup_M.o [5]
  .text               ro code  0x08007df4     0x4  startup_stm32f407xx.o [1]
  .text               ro code  0x08007df8     0x4  startup_stm32f407xx.o [1]
  .text               ro code  0x08007dfc     0x4  startup_stm32f407xx.o [1]
  .text               ro code  0x08007e00     0x4  startup_stm32f407xx.o [1]
  .text               ro code  0x08007e04     0x4  startup_stm32f407xx.o [1]
  .text               ro code  0x08007e08     0x4  startup_stm32f407xx.o [1]
  .text               ro code  0x08007e0c     0x4  startup_stm32f407xx.o [1]
  .text               ro code  0x08007e10     0x4  startup_stm32f407xx.o [1]
  .text               ro code  0x08007e14     0x4  startup_stm32f407xx.o [1]
  .text               ro code  0x08007e18     0x4  startup_stm32f407xx.o [1]
  .text               ro code  0x08007e1c     0x4  startup_stm32f407xx.o [1]
  .text               ro code  0x08007e20     0x4  startup_stm32f407xx.o [1]
  .text               ro code  0x08007e24     0x4  startup_stm32f407xx.o [1]
  .text               ro code  0x08007e28     0x4  startup_stm32f407xx.o [1]
  .text               ro code  0x08007e2c     0x4  startup_stm32f407xx.o [1]
  .text               ro code  0x08007e30     0x4  startup_stm32f407xx.o [1]
  .text               ro code  0x08007e34     0x4  startup_stm32f407xx.o [1]
  .text               ro code  0x08007e38     0x4  startup_stm32f407xx.o [1]
  .text               ro code  0x08007e3c     0x4  startup_stm32f407xx.o [1]
  .text               ro code  0x08007e40     0x4  startup_stm32f407xx.o [1]
  .text               ro code  0x08007e44     0x4  startup_stm32f407xx.o [1]
  .text               ro code  0x08007e48     0x4  startup_stm32f407xx.o [1]
  .text               ro code  0x08007e4c     0x4  startup_stm32f407xx.o [1]
  .text               ro code  0x08007e50     0x4  startup_stm32f407xx.o [1]
  .text               ro code  0x08007e54     0x4  startup_stm32f407xx.o [1]
  .text               ro code  0x08007e58     0x4  startup_stm32f407xx.o [1]
  .text               ro code  0x08007e5c     0x4  startup_stm32f407xx.o [1]
  .text               ro code  0x08007e60     0x4  startup_stm32f407xx.o [1]
  .text               ro code  0x08007e64     0x4  startup_stm32f407xx.o [1]
  .text               ro code  0x08007e68     0x4  startup_stm32f407xx.o [1]
  .text               ro code  0x08007e6c     0x4  startup_stm32f407xx.o [1]
  .text               ro code  0x08007e70     0x4  startup_stm32f407xx.o [1]
  .text               ro code  0x08007e74     0x4  startup_stm32f407xx.o [1]
  .text               ro code  0x08007e78     0x4  startup_stm32f407xx.o [1]
  .text               ro code  0x08007e7c     0x4  startup_stm32f407xx.o [1]
  .text               ro code  0x08007e80     0x4  startup_stm32f407xx.o [1]
  .text               ro code  0x08007e84     0x4  startup_stm32f407xx.o [1]
  .text               ro code  0x08007e88     0x4  startup_stm32f407xx.o [1]
  .text               ro code  0x08007e8c     0x4  startup_stm32f407xx.o [1]
  .text               ro code  0x08007e90     0x4  startup_stm32f407xx.o [1]
  .text               ro code  0x08007e94     0x4  startup_stm32f407xx.o [1]
  .text               ro code  0x08007e98     0x4  startup_stm32f407xx.o [1]
  .text               ro code  0x08007e9c     0x4  startup_stm32f407xx.o [1]
  .text               ro code  0x08007ea0     0x4  startup_stm32f407xx.o [1]
  .text               ro code  0x08007ea4     0x4  startup_stm32f407xx.o [1]
  .text               ro code  0x08007ea8     0x4  startup_stm32f407xx.o [1]
  .text               ro code  0x08007eac     0x4  startup_stm32f407xx.o [1]
  .text               ro code  0x08007eb0     0x4  startup_stm32f407xx.o [1]
  .text               ro code  0x08007eb4     0x4  startup_stm32f407xx.o [1]
  .text               ro code  0x08007eb8     0x4  startup_stm32f407xx.o [1]
  .text               ro code  0x08007ebc     0x4  startup_stm32f407xx.o [1]
  .text               ro code  0x08007ec0     0x4  startup_stm32f407xx.o [1]
  .text               ro code  0x08007ec4     0x4  startup_stm32f407xx.o [1]
  .text               ro code  0x08007ec8     0x4  startup_stm32f407xx.o [1]
  .text               ro code  0x08007ecc     0x4  startup_stm32f407xx.o [1]
  .text               ro code  0x08007ed0     0x4  startup_stm32f407xx.o [1]
  .text               ro code  0x08007ed4     0x4  startup_stm32f407xx.o [1]
  .text               ro code  0x08007ed8     0x4  startup_stm32f407xx.o [1]
  .text               ro code  0x08007edc     0x4  startup_stm32f407xx.o [1]
  .text               ro code  0x08007ee0     0x4  startup_stm32f407xx.o [1]
  .text               ro code  0x08007ee4     0x4  startup_stm32f407xx.o [1]
  .text               ro code  0x08007ee8     0x4  startup_stm32f407xx.o [1]
  .text               ro code  0x08007eec     0x4  startup_stm32f407xx.o [1]
  .text               ro code  0x08007ef0     0x4  startup_stm32f407xx.o [1]
  .text               ro code  0x08007ef4     0x4  startup_stm32f407xx.o [1]
  .text               ro code  0x08007ef8     0x4  startup_stm32f407xx.o [1]
  .text               ro code  0x08007efc     0x4  startup_stm32f407xx.o [1]
  .text               ro code  0x08007f00     0x4  startup_stm32f407xx.o [1]
  .text               ro code  0x08007f04     0x4  startup_stm32f407xx.o [1]
  .text               ro code  0x08007f08     0x4  startup_stm32f407xx.o [1]
  .text               ro code  0x08007f0c     0x4  startup_stm32f407xx.o [1]
  .text               ro code  0x08007f10     0x4  startup_stm32f407xx.o [1]
  .text               ro code  0x08007f14     0x4  startup_stm32f407xx.o [1]
  .text               ro code  0x08007f18     0x4  startup_stm32f407xx.o [1]
  .text               ro code  0x08007f1c     0x4  startup_stm32f407xx.o [1]
  .text               ro code  0x08007f20     0x4  startup_stm32f407xx.o [1]
  .text               ro code  0x08007f24     0x4  startup_stm32f407xx.o [1]
  .text               ro code  0x08007f28     0x4  startup_stm32f407xx.o [1]
  .text               ro code  0x08007f2c     0x4  startup_stm32f407xx.o [1]
  .text               ro code  0x08007f30     0x4  startup_stm32f407xx.o [1]
  .text               ro code  0x08007f34     0x4  startup_stm32f407xx.o [1]
  .text               ro code  0x08007f38     0x4  startup_stm32f407xx.o [1]
  .text               ro code  0x08007f3c     0x4  startup_stm32f407xx.o [1]
  .rodata             const    0x08007f40     0x0  zero_init3.o [5]
  .rodata             const    0x08007f40     0x0  packbits_init_single.o [5]
  Initializer bytes   const    0x08007f40    0x80  <for P2-1>
                             - 0x08007fc0  0x7e38

"P2", part 1 of 3:                          0x2dc
  P2-1                         0x20000000   0x2dc  <Init block>
    .data             inited   0x20000000    0x48  APP_MotorDriver.o [1]
    .data             inited   0x20000048    0x24  APP_Console_TBL.o [1]
    .data             inited   0x2000006c    0x84  APP_MotorDriver.o [1]
    .data             inited   0x200000f0     0xc  port.o [1]
    .data             inited   0x200000fc     0x4  system_stm32f4xx.o [1]
    .data             inited   0x20000100    0x9c  tasks.o [1]
    .data             inited   0x2000019c    0x40  xfiles.o [3]
    __DLIB_PERTHREAD  inited   0x200001dc     0x4  errno.o [3]
    __DLIB_PERTHREAD  inited   0x200001e0    0x88  localeconv.o [3]
    __DLIB_PERTHREAD  inited   0x20000268    0x74  setlocale.o [3]
                             - 0x200002dc   0x2dc

"P2", part 2 of 3:                          0x600
  CSTACK                       0x200002e0   0x200  <Block>
    CSTACK            uninit   0x200002e0   0x200  <Block tail>
  HEAP                         0x200004e0   0x400  <Block>
    HEAP              uninit   0x200004e0   0x400  <Block tail>
                             - 0x200008e0   0x600

"P2", part 3 of 3:                         0x3ee8
  .bss                zero     0x200008e0  0x3c18  heap_4.o [1]
  .bss                zero     0x200044f8    0x94  main.o [1]
  .bss                zero     0x2000458c    0x8c  tasks.o [1]
  .bss                zero     0x20004618    0x50  xfiles.o [3]
  .bss                zero     0x20004668    0x4c  APP_MotorDriver.o [1]
  .bss                zero     0x200046b4    0x40  queue.o [1]
  .bss                zero     0x200046f4    0x3c  APP_MotorDriver.o [1]
  .bss                zero     0x20004730    0x38  timers.o [1]
  .bss                zero     0x20004768    0x24  APP_Console.o [1]
  .bss                zero     0x2000478c    0x10  main.o [1]
  .bss                zero     0x2000479c     0xa  APP_STM.o [1]
  .bss                zero     0x200047a8     0x8  xxmemxmalloc.o [3]
  .bss                zero     0x200047b0     0x4  APP_Console.o [1]
  .bss                zero     0x200047b4     0x4  APP_MotorDriver.o [1]
  .bss                zero     0x200047b8     0x4  stm32f4xx_hal.o [1]
  .bss                zero     0x200047bc     0x4  stm32f4xx_it.o [1]
  .bss                zero     0x200047c0     0x4  stm32f4xx_it.o [1]
  .bss                zero     0x200047c4     0x4  xgetmemchunk.o [3]
                             - 0x200047c8  0x3ee8


*******************************************************************************
*** INIT TABLE
***

          Address     Size
          -------     ----
Zero (__iar_zero_init3)
    1 destination range, total size 0x3ee8:
          0x200008e0  0x3ee8

Copy/packbits (__iar_packbits_init_single3)
    1 source range, total size 0x80 (17% of destination):
          0x08007f40    0x80
    1 destination range, total size 0x2dc:
          0x20000000   0x2dc



*******************************************************************************
*** MODULE SUMMARY
***

    Module                  ro code  ro data  rw data
    ------                  -------  -------  -------
D:\Hh\Telepresency\STM32F407Discovery\EWARM\STM32F407Discovery\Obj: [1]
    APP_Console.o               868                40
    APP_Console_TBL.o           380      246       36
    APP_MotorDriver.o         3 080       35      344
    APP_STM.o                    60                10
    CDL_PWM.o                   126
    CDL_Printf.o                136
    cmsis_os.o                  648
    heap_4.o                    428            15 384
    list.o                      142
    main.o                    1 220       48      164
    port.o                      488        3       12
    portasm.o                   168
    queue.o                   1 668                64
    startup_stm32f407xx.o       740
    stm32f4xx_hal.o             108                 4
    stm32f4xx_hal_cortex.o      228
    stm32f4xx_hal_gpio.o        516
    stm32f4xx_hal_i2c.o         220
    stm32f4xx_hal_msp.o         252
    stm32f4xx_hal_rcc.o       1 076
    stm32f4xx_hal_tim.o         992
    stm32f4xx_hal_tim_ex.o      138
    stm32f4xx_hal_uart.o      1 406
    stm32f4xx_it.o              262                 8
    system_stm32f4xx.o           80                 4
    tasks.o                   2 160       28      296
    timers.o                    840                56
    -------------------------------------------------
    Total:                   18 430      360   16 422

command line: [2]
    -------------------------------------------------
    Total:

dl7M_tlf.a: [3]
    div.o                        14
    errno.o                      12                 4
    exit.o                        4
    localeconv.o                108       24      136
    low_level_init.o              4
    printf.o                     36
    putchar.o                    12
    setlocale.o                  20       21      116
    strncmp.o                    40
    xencoding_sb.o               96
    xfiles.o                              11      144
    xgetmemchunk.o               44                 4
    xmbcurmax.o                  10
    xmbtowc.o                    32
    xprintffull.o             4 454
    xprout.o                     22
    xtls.o                        2
    xwctomb.o                    26
    xxmemxfree.o                128
    xxmemxmalloc.o              176                 8
    -------------------------------------------------
    Total:                    5 240       56      412

m7M_tls.a: [4]
    DblAdd.o                    232
    DblCmpEq.o                   32
    DblCmpGe.o                   46
    DblCmpLe.o                   46
    DblDiv.o                    598
    DblMul.o                    418
    DblSub.o                    384
    DblToFlt.o                  144
    DblToI32.o                   88
    FltToDbl.o                   78
    I32ToDbl.o                   48
    fmod.o                      424
    fpinit_M.o                   34
    pow.o                     2 240
    xdint.o                     122
    xdnorm.o                     66
    xdscale.o                   276
    xdtest.o                     64
    xexp.o                      710
    xlog.o                      176
    xquad.o                     360
    xsin.o                    1 122
    -------------------------------------------------
    Total:                    7 708

rt7M_tl.a: [5]
    ABImemclr4.o                  6
    ABImemcpy_unaligned.o       118
    ABImemset48.o                58
    I64DivMod.o                 238
    I64DivZer.o                   2
    cexit.o                      10
    cmain.o                      26
    cstartup_M.o                 12
    data_init.o                  40
    iarEdom.o                    12
    memchr.o                     88
    packbits_init_single.o       56
    strchr.o                     22
    strlen.o                     54
    zero_init3.o                 64
    -------------------------------------------------
    Total:                      806

shb_l.a: [6]
    exit.o                       20
    -------------------------------------------------
    Total:                       20

    Gaps                         48        4        2
    Linker created                        32    1 536
-----------------------------------------------------
    Grand Total:             32 252      452   18 372


*******************************************************************************
*** ENTRY LIST
***

Entry                      Address    Size  Type      Object
-----                      -------    ----  ----      ------
.iar.init_table$$Base   0x08007d50           --   Gb  - Linker created -
.iar.init_table$$Limit  0x08007d70           --   Gb  - Linker created -
?main                   0x08007d71          Code  Gb  cmain.o [5]
APBAHBPrescTable        0x08005edc    0x10  Data  Gb  stm32f4xx_hal_rcc.o [1]
CSTACK$$Base            0x200002e0           --   Gb  - Linker created -
CSTACK$$Limit           0x200004e0           --   Gb  - Linker created -
ConsoleTaskHandle       0x20004580     0x4  Data  Gb  main.o [1]
EXTI15_10_IRQHandler    0x08007a7d    0x36  Code  Gb  stm32f4xx_it.o [1]
EXTI9_5_IRQHandler      0x080079e7    0x7c  Code  Gb  stm32f4xx_it.o [1]
EncoderCallback         0x080022f9    0xc6  Code  Gb  APP_MotorDriver.o [1]
EncoderTimerID          0x20004798     0x4  Data  Gb  main.o [1]
GetWords                0x0800761d    0x58  Code  Gb  APP_Console.o [1]
HAL_GPIO_Init           0x08004371   0x1c0  Code  Gb  stm32f4xx_hal_gpio.o [1]
HAL_GPIO_ReadPin        0x08004531     0xc  Code  Gb  stm32f4xx_hal_gpio.o [1]
HAL_GPIO_WritePin       0x0800453d     0x8  Code  Gb  stm32f4xx_hal_gpio.o [1]
HAL_GetTick             0x08005aab     0x6  Code  Wk  stm32f4xx_hal.o [1]
HAL_I2C_Init            0x0800735d    0xc4  Code  Gb  stm32f4xx_hal_i2c.o [1]
HAL_I2C_MspInit         0x08005969    0x44  Code  Gb  stm32f4xx_hal_msp.o [1]
HAL_IncTick             0x08005aa1     0xa  Code  Wk  stm32f4xx_hal.o [1]
HAL_Init                0x08005a4d    0x30  Code  Gb  stm32f4xx_hal.o [1]
HAL_InitTick            0x08005a7d    0x24  Code  Wk  stm32f4xx_hal.o [1]
HAL_MspInit             0x08005951    0x18  Code  Gb  stm32f4xx_hal_msp.o [1]
HAL_NVIC_DisableIRQ     0x080061ab     0xa  Code  Gb  stm32f4xx_hal_cortex.o [1]
HAL_NVIC_EnableIRQ      0x0800619f     0xc  Code  Gb  stm32f4xx_hal_cortex.o [1]
HAL_NVIC_SetPriority    0x08006165    0x3a  Code  Gb  stm32f4xx_hal_cortex.o [1]
HAL_NVIC_SetPriorityGrouping
                        0x0800614b    0x1a  Code  Gb  stm32f4xx_hal_cortex.o [1]
HAL_RCC_ClockConfig     0x08005d03   0x10e  Code  Gb  stm32f4xx_hal_rcc.o [1]
HAL_RCC_GetHCLKFreq     0x08005e65    0x1e  Code  Gb  stm32f4xx_hal_rcc.o [1]
HAL_RCC_GetPCLK1Freq    0x08005e83    0x10  Code  Gb  stm32f4xx_hal_rcc.o [1]
HAL_RCC_GetPCLK2Freq    0x08005e93     0xe  Code  Gb  stm32f4xx_hal_rcc.o [1]
HAL_RCC_GetSysClockFreq
                        0x08005e1f    0x46  Code  Wk  stm32f4xx_hal_rcc.o [1]
HAL_RCC_OscConfig       0x08005ab9   0x242  Code  Wk  stm32f4xx_hal_rcc.o [1]
HAL_SYSTICK_CLKSourceConfig
                        0x080061e5    0x14  Code  Gb  stm32f4xx_hal_cortex.o [1]
HAL_SYSTICK_Config      0x080061bd    0x28  Code  Gb  stm32f4xx_hal_cortex.o [1]
HAL_TIMEx_ConfigBreakDeadTime
                        0x0800432f    0x40  Code  Gb  stm32f4xx_hal_tim_ex.o [1]
HAL_TIMEx_MasterConfigSynchronization
                        0x080042e5    0x4a  Code  Gb  stm32f4xx_hal_tim_ex.o [1]
HAL_TIM_PWM_ConfigChannel
                        0x08003fed    0xb8  Code  Gb  stm32f4xx_hal_tim.o [1]
HAL_TIM_PWM_Init        0x08003f2f    0x1a  Code  Gb  stm32f4xx_hal_tim.o [1]
HAL_TIM_PWM_MspInit     0x080059ad    0x26  Code  Gb  stm32f4xx_hal_msp.o [1]
HAL_TIM_PWM_Start       0x08003f51    0x14  Code  Gb  stm32f4xx_hal_tim.o [1]
HAL_TIM_PWM_Stop        0x08003f6f    0x32  Code  Gb  stm32f4xx_hal_tim.o [1]
HAL_UART_ErrorCallback  0x08005213     0x2  Code  Wk  stm32f4xx_hal_uart.o [1]
HAL_UART_IRQHandler     0x080050e7   0x128  Code  Gb  stm32f4xx_hal_uart.o [1]
HAL_UART_Init           0x08004f41    0x28  Code  Gb  stm32f4xx_hal_uart.o [1]
HAL_UART_MspInit        0x080059d3    0x52  Code  Gb  stm32f4xx_hal_msp.o [1]
HAL_UART_Receive        0x0800503f    0x9a  Code  Gb  stm32f4xx_hal_uart.o [1]
HAL_UART_RxCpltCallback
                        0x08005211     0x2  Code  Wk  stm32f4xx_hal_uart.o [1]
HAL_UART_Transmit       0x08004faf    0x90  Code  Gb  stm32f4xx_hal_uart.o [1]
HAL_UART_TxCpltCallback
                        0x0800520f     0x2  Code  Wk  stm32f4xx_hal_uart.o [1]
HEAP$$Base              0x200004e0           --   Gb  - Linker created -
HEAP$$Limit             0x200008e0           --   Gb  - Linker created -
HardFault_Handler       0x08007add     0x2  Code  Gb  stm32f4xx_it.o [1]
Heading                 0x20000010     0x8  Data  Lc  APP_MotorDriver.o [1]
ID_SEM_POS_CTRL         0x20004588     0x4  Data  Gb  main.o [1]
ID_SEM_PRINTF           0x20004584     0x4  Data  Gb  main.o [1]
Kd_l                    0x200000bc     0x4  Data  Lc  APP_MotorDriver.o [1]
Kd_r                    0x200000c8     0x4  Data  Lc  APP_MotorDriver.o [1]
Ki_l                    0x200000b8     0x4  Data  Lc  APP_MotorDriver.o [1]
Ki_r                    0x200000c4     0x4  Data  Lc  APP_MotorDriver.o [1]
Kp_l                    0x200000b4     0x4  Data  Lc  APP_MotorDriver.o [1]
Kp_r                    0x200000c0     0x4  Data  Lc  APP_MotorDriver.o [1]
LoadInt                 0x080007d7    0x6e  Code  Lc  xprintffull.o [3]
LookUpCmd               0x080074d1    0x46  Code  Gb  APP_Console.o [1]
MX_GPIO_Init            0x08007001   0x190  Code  Lc  main.o [1]
MotorDriveTaskHandle    0x20004794     0x4  Data  Gb  main.o [1]
NVIC_SetPriority        0x08006131    0x1a  Code  Lc  stm32f4xx_hal_cortex.o [1]
Omega                   0x20000028     0x8  Data  Lc  APP_MotorDriver.o [1]
PendSV_Handler          0x08005735          Code  Gb  portasm.o [1]
Region$$Table$$Base     0x08007d50           --   Gb  - Linker created -
Region$$Table$$Limit    0x08007d70           --   Gb  - Linker created -
STMTaskHandle           0x20004790     0x4  Data  Gb  main.o [1]
SVC_Handler             0x0800578d          Code  Gb  portasm.o [1]
StartDefaultTask        0x080071f9    0xb4  Code  Gb  main.o [1]
SysTick_Handler         0x080079d9     0xe  Code  Gb  stm32f4xx_it.o [1]
SystemClock_Config      0x08006f5d    0xa4  Code  Gb  main.o [1]
SystemCoreClock         0x200000fc     0x4  Data  Gb  system_stm32f4xx.o [1]
SystemInit              0x08007bd1    0x3a  Code  Gb  system_stm32f4xx.o [1]
TIM_Base_SetConfig      0x080040c5    0x90  Code  Gb  stm32f4xx_hal_tim.o [1]
TIM_CCxChannelCmd       0x080041a9    0x18  Code  Gb  stm32f4xx_hal_tim.o [1]
TIM_OC1_SetConfig       0x080041c1    0x4a  Code  Lc  stm32f4xx_hal_tim.o [1]
TIM_OC2_SetConfig       0x08004157    0x52  Code  Gb  stm32f4xx_hal_tim.o [1]
TIM_OC3_SetConfig       0x08004217    0x56  Code  Lc  stm32f4xx_hal_tim.o [1]
TIM_OC4_SetConfig       0x08004273    0x46  Code  Lc  stm32f4xx_hal_tim.o [1]
UART_Receive_IT         0x080052b1    0x90  Code  Lc  stm32f4xx_hal_uart.o [1]
UART_SendData           0x08002fcd     0x8  Code  Gb  CDL_Printf.o [1]
UART_SetConfig          0x08005341   0x13a  Code  Lc  stm32f4xx_hal_uart.o [1]
UART_WaitOnFlagUntilTimeout
                        0x08005215    0x8c  Code  Lc  stm32f4xx_hal_uart.o [1]
USART2_IRQHandler       0x08007a77     0x6  Code  Gb  stm32f4xx_it.o [1]
V                       0x20000030     0x8  Data  Lc  APP_MotorDriver.o [1]
X                       0x20000018     0x8  Data  Lc  APP_MotorDriver.o [1]
Y                       0x20000020     0x8  Data  Lc  APP_MotorDriver.o [1]
_EncodingSb_Mbtowc      0x08001edb    0x30  Code  Gb  xencoding_sb.o [3]
_EncodingSb_Wctomb      0x08001ec1    0x1a  Code  Gb  xencoding_sb.o [3]
_GenldFull              0x0800105b   0x24c  Code  Lc  xprintffull.o [3]
_IsdstStr               0x2000026c     0x4  Data  Gb  setlocale.o [3]
_LdtobFull              0x08000c59   0x3fc  Code  Lc  xprintffull.o [3]
_LitobFull              0x08000b51   0x106  Code  Lc  xprintffull.o [3]
_LocaleEncoding         0x08001ead     0xe  Code  Gb  setlocale.o [3]
_LocaleReturnString     0x2000028c    0x50  Data  Lc  setlocale.o [3]
_Locale_Profile         0x20000270    0x1c  Data  Gb  setlocale.o [3]
_Locale_aeabi_lconv     0x20000230    0x38  Data  Gb  localeconv.o [3]
_Locale_lconv           0x200001e0    0x50  Data  Gb  localeconv.o [3]
_Mbtowc                 0x080012ef    0x20  Code  Gb  xmbtowc.o [3]
_PrintfFull             0x08000189   0x638  Code  Gb  xprintffull.o [3]
_Prout                  0x08007db5    0x16  Code  Gb  xprout.o [3]
_PutcharsFull           0x080012a7    0x2e  Code  Lc  xprintffull.o [3]
_PutstrFull             0x08000845   0x306  Code  Lc  xprintffull.o [3]
_TzoneStr               0x20000268     0x4  Data  Gb  setlocale.o [3]
_Wctomb                 0x08001475    0x1a  Code  Gb  xwctomb.o [3]
__aeabi_cdcmpeq         0x08005f69          Code  Gb  DblCmpEq.o [4]
__aeabi_cdcmple         0x080016b9          Code  Gb  DblCmpLe.o [4]
__aeabi_cdrcmple        0x080016e9          Code  Gb  DblCmpGe.o [4]
__aeabi_d2f             0x080077cd          Code  Gb  DblToFlt.o [4]
__aeabi_d2iz            0x0800182d          Code  Gb  DblToI32.o [4]
__aeabi_d2uiz           0x08001859          Code  Gb  DblToI32.o [4]
__aeabi_dadd            0x08001f51          Code  Gb  DblAdd.o [4]
__aeabi_ddiv            0x08001bd9          Code  Gb  DblDiv.o [4]
__aeabi_dmul            0x08001a35          Code  Gb  DblMul.o [4]
__aeabi_dsub            0x080018b5          Code  Gb  DblSub.o [4]
__aeabi_errno_addr      0x080057dd     0x6  Code  Gb  errno.o [3]
__aeabi_f2d             0x08003a2d          Code  Gb  FltToDbl.o [4]
__aeabi_i2d             0x08001885          Code  Gb  I32ToDbl.o [4]
__aeabi_ldiv0           0x08001f4d          Code  Gb  I64DivZer.o [5]
__aeabi_memclr4         0x0800779d          Code  Gb  ABImemclr4.o [5]
__aeabi_memset4         0x080056f9          Code  Gb  ABImemset48.o [5]
__aeabi_memset8         0x080056f9          Code  Gb  ABImemset48.o [5]
__aeabi_ui2d            0x08001899          Code  Gb  I32ToDbl.o [4]
__aeabi_uldivmod        0x08001589          Code  Gb  I64DivMod.o [5]
__cmain                 0x08007d71          Code  Gb  cmain.o [5]
__data_Aldata           0x200047a8     0x8  Data  Gb  xxmemxmalloc.o [3]
__data_GetMemChunk      0x08001f21    0x2c  Code  Gb  xgetmemchunk.o [3]
__exit                  0x08007da1    0x14  Code  Gb  exit.o [6]
__iar_Dint              0x08005eed    0x7a  Code  Gb  xdint.o [4]
__iar_Dnorm             0x08001677    0x42  Code  Gb  xdnorm.o [4]
__iar_Dscale            0x08001719   0x114  Code  Gb  xdscale.o [4]
__iar_Dtest             0x08006e57    0x30  Code  Gb  xdtest.o [4]
__iar_Errno             0x200001dc     0x4  Data  Gb  errno.o [3]
__iar_Exp               0x08006b91   0x2be  Code  Gb  xexp.o [4]
__iar_Locale_lconv_init
                        0x08001e31    0x3a  Code  Gb  localeconv.o [3]
__iar_Logpoly           0x08006ae1    0x76  Code  Gb  xlog.o [4]
__iar_Mbcurmax          0x080013b9     0xa  Code  Gb  xmbcurmax.o [3]
__iar_Memchr            0x08001361          Code  Gb  memchr.o [5]
__iar_Memset4_word      0x08005701          Code  Gb  ABImemset48.o [5]
__iar_Memset8_word      0x08005701          Code  Gb  ABImemset48.o [5]
__iar_Quad              0x080057e9   0x12c  Code  Gb  xquad.o [4]
__iar_Sin               0x08003aa1   0x3b2  Code  Gb  xsin.o [4]
__iar_Stdout            0x2000019c    0x40  Data  Gb  xfiles.o [3]
__iar_Strchr            0x08001311          Code  Gb  strchr.o [5]
__iar_d2uiz             0x08001865          Code  Gb  DblToI32.o [4]
__iar_dadd              0x08001f65          Code  Gb  DblAdd.o [4]
__iar_data_init3        0x08007d05    0x28  Code  Gb  data_init.o [5]
__iar_dlib_perthread_access
                        0x08002039     0x2  Code  Gb  xtls.o [3]
__iar_dsub              0x080018c9          Code  Gb  DblSub.o [4]
__iar_dsubStart         0x080018db          Code  Gb  DblSub.o [4]
__iar_edom              0x08006215          Code  Gb  iarEdom.o [5]
__iar_fmod              0x08005f89          Code  Gb  fmod.o [4]
__iar_fmodl             0x08005f89          Code  Gb  fmod.o [4]
__iar_init_vfp          0x08007d2d          Code  Gb  fpinit_M.o [4]
__iar_packbits_init_single3
                        0x08007c9d    0x38  Code  Gb  packbits_init_single.o [5]
__iar_program_start     0x08007de9          Code  Gb  cstartup_M.o [5]
__iar_ui2d              0x0800189d          Code  Gb  I32ToDbl.o [4]
__iar_unaligned___aeabi_memcpy
                        0x08001491          Code  Gb  ABImemcpy_unaligned.o [5]
__iar_unaligned___aeabi_memcpy4
                        0x080014b1          Code  Gb  ABImemcpy_unaligned.o [5]
__iar_unaligned___aeabi_memcpy8
                        0x080014b1          Code  Gb  ABImemcpy_unaligned.o [5]
__iar_vfp___iar_Sin     0x08003ef1    0x12  Code  Gb  xsin.o [4]
__iar_vfp_pow           0x080066a3    0x18  Code  Gb  pow.o [4]
__iar_zero_init3        0x08007c21    0x40  Code  Gb  zero_init3.o [5]
__low_level_init        0x08007d8b     0x4  Code  Gb  low_level_init.o [3]
__vector_table          0x08000000          Data  Gb  startup_stm32f407xx.o [1]
_call_main              0x08007d7d          Code  Gb  cmain.o [5]
_exit                   0x08007d95          Code  Gb  cexit.o [5]
_main                   0x08007d87          Code  Gb  cmain.o [5]
aCmdTbl                 0x20000048    0x24  Data  Gb  APP_Console_TBL.o [1]
aCmd_ang                0x08007b88    0x18  Data  Gb  APP_Console_TBL.o [1]
aCmd_dis                0x08007b70    0x18  Data  Gb  APP_Console_TBL.o [1]
aCmd_getodom            0x08007ba0    0x18  Data  Gb  APP_Console_TBL.o [1]
aCmd_getspd             0x08007b58    0x18  Data  Gb  APP_Console_TBL.o [1]
aCmd_pwr                0x08007b10    0x18  Data  Gb  APP_Console_TBL.o [1]
aCmd_spd                0x08007b28    0x18  Data  Gb  APP_Console_TBL.o [1]
aCmd_start              0x08007b40    0x18  Data  Gb  APP_Console_TBL.o [1]
aCmd_stop               0x08007bb8    0x18  Data  Gb  APP_Console_TBL.o [1]
abd_speedL              0x20000090     0x4  Data  Lc  APP_MotorDriver.o [1]
abd_speedLCalc          0x2000008c     0x4  Data  Lc  APP_MotorDriver.o [1]
abd_speedR              0x20000094     0x4  Data  Lc  APP_MotorDriver.o [1]
abd_speedRCalc          0x200047b4     0x4  Data  Lc  APP_MotorDriver.o [1]
abd_ticksL              0x200047bc     0x4  Data  Gb  stm32f4xx_it.o [1]
abd_ticksR              0x200047c0     0x4  Data  Gb  stm32f4xx_it.o [1]
app_CMDShell_Task       0x08007439    0x1c  Code  Gb  APP_Console.o [1]
app_Console_Execute     0x08007675    0xf6  Code  Gb  APP_Console.o [1]
app_Console_HDLR        0x08007455    0x7c  Code  Gb  APP_Console.o [1]
atod                    0x08007519    0xde  Code  Gb  APP_Console.o [1]
cdl_PWM_Init            0x08002c45    0x64  Code  Gb  CDL_PWM.o [1]
cdl_PWM_Level           0x08002cad     0x8  Code  Gb  CDL_PWM.o [1]
cdl_PWM_Switch          0x08002cb5     0xe  Code  Gb  CDL_PWM.o [1]
cdl_Printf              0x08002f4d    0x1e  Code  Gb  CDL_Printf.o [1]
cdl_Putc                0x08002f6b     0xc  Code  Gb  CDL_Printf.o [1]
cdl_Puts                0x08002f77    0x24  Code  Gb  CDL_Printf.o [1]
ckeck_pwr               0x200000a8     0x4  Data  Lc  APP_MotorDriver.o [1]
cmd_angle               0x08007909     0x4  Code  Gb  APP_Console_TBL.o [1]
cmd_ckeck_pwr           0x0800785d    0x20  Code  Gb  APP_Console_TBL.o [1]
cmd_distance            0x080078fd     0xc  Code  Gb  APP_Console_TBL.o [1]
cmd_getodom             0x0800790d    0x54  Code  Gb  APP_Console_TBL.o [1]
cmd_getspeed            0x080078d5    0x28  Code  Gb  APP_Console_TBL.o [1]
cmd_speed               0x0800787d    0x14  Code  Gb  APP_Console_TBL.o [1]
cmd_start               0x08007891     0x8  Code  Gb  APP_Console_TBL.o [1]
cmd_stop                0x08007899    0x2a  Code  Gb  APP_Console_TBL.o [1]
d                       0x2000479e     0x2  Data  Gb  APP_STM.o [1]
defaultTaskHandle       0x2000457c     0x4  Data  Gb  main.o [1]
div                     0x08001e9d     0xe  Code  Gb  div.o [3]
driveL                  0x200000ac     0x4  Data  Lc  APP_MotorDriver.o [1]
driveR                  0x200000b0     0x4  Data  Lc  APP_MotorDriver.o [1]
drive_angle             0x08002709    0xae  Code  Gb  APP_MotorDriver.o [1]
drive_distance          0x080027c9    0x4e  Code  Gb  APP_MotorDriver.o [1]
drive_getCHKPWR         0x08002b53     0x6  Code  Gb  APP_MotorDriver.o [1]
drive_getDrive          0x08002b47     0xc  Code  Gb  APP_MotorDriver.o [1]
drive_getSpeedCalc      0x08002b25    0x22  Code  Gb  APP_MotorDriver.o [1]
drive_getTicks          0x08002b17     0xe  Code  Gb  APP_MotorDriver.o [1]
drive_get_odom_info     0x08002b59    0x30  Code  Gb  APP_MotorDriver.o [1]
drive_init              0x0800203d    0x78  Code  Gb  APP_MotorDriver.o [1]
drive_init_position     0x08002921    0x10  Code  Gb  APP_MotorDriver.o [1]
drive_position_control  0x080023d1   0x21a  Code  Gb  APP_MotorDriver.o [1]
drive_setPosPID         0x0800264d    0x4c  Code  Gb  APP_MotorDriver.o [1]
drive_setPosSpeed       0x080026d1    0x34  Code  Gb  APP_MotorDriver.o [1]
drive_setSpeedPID       0x080025f9    0x52  Code  Gb  APP_MotorDriver.o [1]
drive_speed             0x08002699    0x38  Code  Gb  APP_MotorDriver.o [1]
drive_state             0x2000006c     0x1  Data  Lc  APP_MotorDriver.o [1]
drive_ticks             0x08002817    0xf6  Code  Gb  APP_MotorDriver.o [1]
drive_update_odom       0x08002949   0x1a2  Code  Gb  APP_MotorDriver.o [1]
exit                    0x08007d8f     0x4  Code  Gb  exit.o [3]
fmod                    0x08005f89          Code  Gb  fmod.o [4]
fmodl                   0x08005f89          Code  Gb  fmod.o [4]
fputc                   0x08002fa5    0x1a  Code  Gb  CDL_Printf.o [1]
free                    0x08001509    0x7a  Code  Gb  xxmemxfree.o [3]
g_distancePerCount      0x20000000     0x8  Data  Gb  APP_MotorDriver.o [1]
g_trackWidth            0x20000008     0x8  Data  Gb  APP_MotorDriver.o [1]
hi2c1                   0x200044f8    0x44  Data  Gb  main.o [1]
htim1                   0x200046f4    0x3c  Data  Gb  APP_MotorDriver.o [1]
huart2                  0x2000453c    0x40  Data  Gb  main.o [1]
inHandlerMode           0x08002cd1     0xc  Code  Lc  cmsis_os.o [1]
internal_Pow            0x08006221   0x478  Code  Lc  pow.o [4]
lnbias                  0x080066c0   0x420  Data  Lc  pow.o [4]
localeconv              0x08001e6b    0x16  Code  Gb  localeconv.o [3]
main                    0x08006e99    0xc4  Code  Gb  main.o [1]
makeFreeRtosPriority    0x08002cc5     0xc  Code  Lc  cmsis_os.o [1]
malloc                  0x080013c5    0xac  Code  Gb  xxmemxmalloc.o [3]
memchr                  0x08001361          Code  Gb  memchr.o [5]
motor_drive_loop        0x080020c9   0x20e  Code  Gb  APP_MotorDriver.o [1]
obuf                    0x20004618    0x50  Data  Lc  xfiles.o [3]
octim1                  0x20000070    0x1c  Data  Gb  APP_MotorDriver.o [1]
osDelay                 0x08002d27     0xe  Code  Gb  cmsis_os.o [1]
osKernelStart           0x08002cdd     0xa  Code  Gb  cmsis_os.o [1]
osSemaphoreCreate       0x08002e3d    0x2c  Code  Gb  cmsis_os.o [1]
osSemaphoreRelease      0x08002ed9    0x30  Code  Gb  cmsis_os.o [1]
osSemaphoreWait         0x08002e69    0x3c  Code  Gb  cmsis_os.o [1]
osSystickHandler        0x08002f39    0x14  Code  Gb  cmsis_os.o [1]
osThreadCreate          0x08002ce7    0x36  Code  Gb  cmsis_os.o [1]
osThreadTerminate       0x08002d1d     0xa  Code  Gb  cmsis_os.o [1]
osTimerCreate           0x08002d35    0x1a  Code  Gb  cmsis_os.o [1]
osTimerStart            0x08002d4f    0xa6  Code  Gb  cmsis_os.o [1]
osTimerStop             0x08002df5    0x48  Code  Gb  cmsis_os.o [1]
pos_ctrl                0x20004668    0x48  Data  Gb  APP_MotorDriver.o [1]
printf                  0x08003a7d    0x24  Code  Gb  printf.o [3]
prvAddCurrentTaskToDelayedList
                        0x08003657    0x30  Code  Lc  tasks.o [1]
prvAllocateTCBAndStack  0x08003687    0x38  Code  Lc  tasks.o [1]
prvCheckForValidListAndQueue
                        0x0800483d    0x4c  Code  Lc  timers.o [1]
prvCopyDataFromQueue    0x08004e5d    0x26  Code  Lc  queue.o [1]
prvCopyDataToQueue      0x08004def    0x6e  Code  Lc  queue.o [1]
prvIdleTask             0x080035a9    0x5a  Code  Lc  tasks.o [1]
prvInitialiseTCBVariables
                        0x08003603    0x54  Code  Lc  tasks.o [1]
prvInsertBlockIntoFreeList
                        0x080056ab    0x46  Code  Lc  heap_4.o [1]
prvInsertTimerInActiveList
                        0x0800474f    0x34  Code  Lc  timers.o [1]
prvProcessReceivedCommands
                        0x08004785    0xa8  Code  Lc  timers.o [1]
prvResetNextTaskUnblockTime
                        0x080036bf    0x1a  Code  Lc  tasks.o [1]
prvSampleTimeNow        0x080046d5    0x7a  Code  Lc  timers.o [1]
prvTaskExitError        0x08003869    0x28  Code  Lc  port.o [1]
prvTimerTask            0x08004631    0xa4  Code  Lc  timers.o [1]
prvUnlockQueue          0x08004e83    0x5c  Code  Lc  queue.o [1]
putchar                 0x08007dcd     0xc  Code  Gb  putchar.o [3]
pvPortMalloc            0x0800554d    0xfa  Code  Gb  heap_4.o [1]
pvTaskIncrementMutexHeldCount
                        0x080037f7    0x12  Code  Gb  tasks.o [1]
pxCurrentTCB            0x20000128     0x4  Data  Gb  tasks.o [1]
pxCurrentTimerList      0x20004730     0x4  Data  Lc  timers.o [1]
pxDelayedTaskList       0x2000012c     0x4  Data  Lc  tasks.o [1]
pxEnd                   0x200008e8     0x4  Data  Lc  heap_4.o [1]
pxOverflowDelayedTaskList
                        0x20000130     0x4  Data  Lc  tasks.o [1]
pxOverflowTimerList     0x20004734     0x4  Data  Lc  timers.o [1]
pxPortInitialiseStack   0x08003845    0x22  Code  Gb  port.o [1]
pxReadyTasksLists       0x2000458c    0x8c  Data  Lc  tasks.o [1]
stm_loop                0x08007c61    0x26  Code  Gb  APP_STM.o [1]
strchr                  0x08001311          Code  Gb  strchr.o [5]
strlen                  0x08001329          Code  Gb  strlen.o [5]
strncmp                 0x080077a3    0x28  Code  Gb  strncmp.o [3]
taskFlag                0x2000478c     0x1  Data  Gb  main.o [1]
tpL                     0x20000098     0x4  Data  Lc  APP_MotorDriver.o [1]
tpL_timer               0x200000a0     0x4  Data  Lc  APP_MotorDriver.o [1]
tpR                     0x2000009c     0x4  Data  Lc  APP_MotorDriver.o [1]
tpR_timer               0x200000a4     0x4  Data  Lc  APP_MotorDriver.o [1]
ucHeap                  0x200008f8  0x3c00  Data  Lc  heap_4.o [1]
ucMaxSysCallPriority    0x200000f0     0x1  Data  Lc  port.o [1]
ulMaxPRIGROUPValue      0x200000f8     0x4  Data  Lc  port.o [1]
usFlag                  0x2000479c     0x1  Data  Gb  APP_STM.o [1]
usTime                  0x200047a0     0x2  Data  Gb  APP_STM.o [1]
usTime1                 0x200047a2     0x2  Data  Gb  APP_STM.o [1]
usTime2                 0x200047a4     0x2  Data  Gb  APP_STM.o [1]
uwTick                  0x200047b8     0x4  Data  Gb  stm32f4xx_hal.o [1]
uxCriticalNesting       0x200000f4     0x4  Data  Lc  port.o [1]
uxCurrentNumberOfTasks  0x2000014c     0x4  Data  Lc  tasks.o [1]
uxListRemove            0x08005529    0x24  Code  Gb  list.o [1]
uxPendedTicks           0x2000015c     0x4  Data  Lc  tasks.o [1]
uxSchedulerSuspended    0x20000170     0x4  Data  Lc  tasks.o [1]
uxTaskNumber            0x20000168     0x4  Data  Lc  tasks.o [1]
uxTasksDeleted          0x20000134     0x4  Data  Lc  tasks.o [1]
uxTopReadyPriority      0x20000154     0x4  Data  Lc  tasks.o [1]
vListInitialise         0x080054bf    0x1a  Code  Gb  list.o [1]
vListInitialiseItem     0x080054d9     0x6  Code  Gb  list.o [1]
vListInsert             0x080054f7    0x32  Code  Gb  list.o [1]
vListInsertEnd          0x080054df    0x18  Code  Gb  list.o [1]
vPortEnableVFP          0x080057c1          Code  Gb  portasm.o [1]
vPortEnterCritical      0x08003929    0x32  Code  Gb  port.o [1]
vPortExitCritical       0x0800395b    0x24  Code  Gb  port.o [1]
vPortFree               0x08005659    0x44  Code  Gb  heap_4.o [1]
vPortSetupTimerInterrupt
                        0x080039a5    0x18  Code  Wk  port.o [1]
vPortStartFirstTask     0x080057a9          Code  Gb  portasm.o [1]
vPortValidateInterruptPriority
                        0x080039bd    0x42  Code  Gb  port.o [1]
vQueueAddToRegistry     0x08004edf    0x20  Code  Gb  queue.o [1]
vQueueWaitForMessageRestricted
                        0x08004f09    0x38  Code  Gb  queue.o [1]
vTaskDelay              0x0800312b    0x3a  Code  Gb  tasks.o [1]
vTaskDelete             0x080030e7    0x44  Code  Gb  tasks.o [1]
vTaskMissedYield        0x0800359f     0xa  Code  Gb  tasks.o [1]
vTaskPlaceOnEventList   0x08003427    0x18  Code  Gb  tasks.o [1]
vTaskPlaceOnEventListRestricted
                        0x0800347b    0x1c  Code  Gb  tasks.o [1]
vTaskPriorityInherit    0x080036ef    0x6c  Code  Gb  tasks.o [1]
vTaskSetTimeOutState    0x0800351f    0x20  Code  Gb  tasks.o [1]
vTaskStartScheduler     0x080031f7    0x5c  Code  Gb  tasks.o [1]
vTaskSuspendAll         0x08003253     0xc  Code  Gb  tasks.o [1]
vTaskSwitchContext      0x080033d5    0x52  Code  Gb  tasks.o [1]
xActiveTimerList1       0x20004740    0x14  Data  Lc  timers.o [1]
xActiveTimerList2       0x20004754    0x14  Data  Lc  timers.o [1]
xBlockAllocatedBit      0x200008f4     0x4  Data  Lc  heap_4.o [1]
xDelayedTaskList1       0x20000174    0x14  Data  Lc  tasks.o [1]
xDelayedTaskList2       0x20000188    0x14  Data  Lc  tasks.o [1]
xFreeBytesRemaining     0x200008ec     0x4  Data  Lc  heap_4.o [1]
xMinimumEverFreeBytesRemaining
                        0x200008f0     0x4  Data  Lc  heap_4.o [1]
xNextTaskUnblockTime    0x2000016c     0x4  Data  Lc  tasks.o [1]
xNumOfOverflows         0x20000164     0x4  Data  Lc  tasks.o [1]
xPendingReadyList       0x20000100    0x14  Data  Lc  tasks.o [1]
xPortStartScheduler     0x08003891    0x84  Code  Gb  port.o [1]
xPortSysTickHandler     0x0800397f    0x26  Code  Gb  port.o [1]
xQueueCreateCountingSemaphore
                        0x0800499b    0x38  Code  Gb  queue.o [1]
xQueueGenericCreate     0x0800492f    0x5c  Code  Gb  queue.o [1]
xQueueGenericReceive    0x08004c33   0x124  Code  Gb  queue.o [1]
xQueueGenericReset      0x080048bd    0x72  Code  Gb  queue.o [1]
xQueueGenericSend       0x080049d3   0x128  Code  Gb  queue.o [1]
xQueueGenericSendFromISR
                        0x08004afb    0x90  Code  Gb  queue.o [1]
xQueueGiveFromISR       0x08004b99    0x7a  Code  Gb  queue.o [1]
xQueueReceiveFromISR    0x08004d67    0x68  Code  Gb  queue.o [1]
xQueueRegistry          0x200046b4    0x40  Data  Gb  queue.o [1]
xSchedulerRunning       0x20000158     0x4  Data  Lc  tasks.o [1]
xStart                  0x200008e0     0x8  Data  Lc  heap_4.o [1]
xSuspendedTaskList      0x20000138    0x14  Data  Lc  tasks.o [1]
xTaskCheckForTimeOut    0x0800353f    0x58  Code  Gb  tasks.o [1]
xTaskGenericCreate      0x08002fd5   0x112  Code  Gb  tasks.o [1]
xTaskGetSchedulerState  0x080036d9    0x16  Code  Gb  tasks.o [1]
xTaskGetTickCount       0x08003303     0x8  Code  Gb  tasks.o [1]
xTaskGetTickCountFromISR
                        0x0800330b     0xe  Code  Gb  tasks.o [1]
xTaskIncrementTick      0x08003319    0xbc  Code  Gb  tasks.o [1]
xTaskPriorityDisinherit
                        0x0800375b    0x7a  Code  Gb  tasks.o [1]
xTaskRemoveFromEventList
                        0x080034b5    0x56  Code  Gb  tasks.o [1]
xTaskResumeAll          0x0800325f    0x90  Code  Gb  tasks.o [1]
xTasksWaitingTermination
                        0x20000114    0x14  Data  Lc  tasks.o [1]
xTickCount              0x20000150     0x4  Data  Lc  tasks.o [1]
xTimerCreate            0x080045ab    0x3c  Code  Gb  timers.o [1]
xTimerCreateTimerTask   0x08004575    0x36  Code  Gb  timers.o [1]
xTimerGenericCommand    0x080045e7    0x48  Code  Gb  timers.o [1]
xTimerIsTimerActive     0x08004891    0x14  Code  Gb  timers.o [1]
xTimerQueue             0x20004738     0x4  Data  Lc  timers.o [1]
xYieldPending           0x20000160     0x4  Data  Lc  tasks.o [1]


[1] = D:\Hh\Telepresency\STM32F407Discovery\EWARM\STM32F407Discovery\Obj
[2] = command line
[3] = dl7M_tlf.a
[4] = m7M_tls.a
[5] = rt7M_tl.a
[6] = shb_l.a

  32 252 bytes of readonly  code memory
     452 bytes of readonly  data memory
  18 372 bytes of readwrite data memory

Errors: none
Warnings: none
