###############################################################################
#
# IAR ELF Linker V7.50.2.10312/W32 for ARM                30/Mar/2016  16:36:28
# Copyright 2007-2015 IAR Systems AB.
#
#    Output file  =  
#        D:\Hh\STController\code\CodeGen\STM32F407Discovery\EWARM\STM32F407Discovery\Exe\STM32F407Discovery.out
#    Map file     =  
#        D:\Hh\STController\code\CodeGen\STM32F407Discovery\EWARM\STM32F407Discovery\List\STM32F407Discovery.map
#    Command line =  
#        D:\Hh\STController\code\CodeGen\STM32F407Discovery\EWARM\STM32F407Discovery\Obj\APP_Console.o
#        D:\Hh\STController\code\CodeGen\STM32F407Discovery\EWARM\STM32F407Discovery\Obj\APP_Console_TBL.o
#        D:\Hh\STController\code\CodeGen\STM32F407Discovery\EWARM\STM32F407Discovery\Obj\APP_MotorDriver.o
#        D:\Hh\STController\code\CodeGen\STM32F407Discovery\EWARM\STM32F407Discovery\Obj\APP_STM.o
#        D:\Hh\STController\code\CodeGen\STM32F407Discovery\EWARM\STM32F407Discovery\Obj\CDL_Printf.o
#        D:\Hh\STController\code\CodeGen\STM32F407Discovery\EWARM\STM32F407Discovery\Obj\CDL_PWM.o
#        D:\Hh\STController\code\CodeGen\STM32F407Discovery\EWARM\STM32F407Discovery\Obj\cmsis_os.o
#        D:\Hh\STController\code\CodeGen\STM32F407Discovery\EWARM\STM32F407Discovery\Obj\croutine.o
#        D:\Hh\STController\code\CodeGen\STM32F407Discovery\EWARM\STM32F407Discovery\Obj\event_groups.o
#        D:\Hh\STController\code\CodeGen\STM32F407Discovery\EWARM\STM32F407Discovery\Obj\freertos.o
#        D:\Hh\STController\code\CodeGen\STM32F407Discovery\EWARM\STM32F407Discovery\Obj\heap_4.o
#        D:\Hh\STController\code\CodeGen\STM32F407Discovery\EWARM\STM32F407Discovery\Obj\list.o
#        D:\Hh\STController\code\CodeGen\STM32F407Discovery\EWARM\STM32F407Discovery\Obj\main.o
#        D:\Hh\STController\code\CodeGen\STM32F407Discovery\EWARM\STM32F407Discovery\Obj\port.o
#        D:\Hh\STController\code\CodeGen\STM32F407Discovery\EWARM\STM32F407Discovery\Obj\portasm.o
#        D:\Hh\STController\code\CodeGen\STM32F407Discovery\EWARM\STM32F407Discovery\Obj\queue.o
#        D:\Hh\STController\code\CodeGen\STM32F407Discovery\EWARM\STM32F407Discovery\Obj\startup_stm32f407xx.o
#        D:\Hh\STController\code\CodeGen\STM32F407Discovery\EWARM\STM32F407Discovery\Obj\stm32f4xx_hal.o
#        D:\Hh\STController\code\CodeGen\STM32F407Discovery\EWARM\STM32F407Discovery\Obj\stm32f4xx_hal_cortex.o
#        D:\Hh\STController\code\CodeGen\STM32F407Discovery\EWARM\STM32F407Discovery\Obj\stm32f4xx_hal_dma.o
#        D:\Hh\STController\code\CodeGen\STM32F407Discovery\EWARM\STM32F407Discovery\Obj\stm32f4xx_hal_dma_ex.o
#        D:\Hh\STController\code\CodeGen\STM32F407Discovery\EWARM\STM32F407Discovery\Obj\stm32f4xx_hal_flash.o
#        D:\Hh\STController\code\CodeGen\STM32F407Discovery\EWARM\STM32F407Discovery\Obj\stm32f4xx_hal_flash_ex.o
#        D:\Hh\STController\code\CodeGen\STM32F407Discovery\EWARM\STM32F407Discovery\Obj\stm32f4xx_hal_flash_ramfunc.o
#        D:\Hh\STController\code\CodeGen\STM32F407Discovery\EWARM\STM32F407Discovery\Obj\stm32f4xx_hal_gpio.o
#        D:\Hh\STController\code\CodeGen\STM32F407Discovery\EWARM\STM32F407Discovery\Obj\stm32f4xx_hal_i2c.o
#        D:\Hh\STController\code\CodeGen\STM32F407Discovery\EWARM\STM32F407Discovery\Obj\stm32f4xx_hal_i2c_ex.o
#        D:\Hh\STController\code\CodeGen\STM32F407Discovery\EWARM\STM32F407Discovery\Obj\stm32f4xx_hal_msp.o
#        D:\Hh\STController\code\CodeGen\STM32F407Discovery\EWARM\STM32F407Discovery\Obj\stm32f4xx_hal_pwr.o
#        D:\Hh\STController\code\CodeGen\STM32F407Discovery\EWARM\STM32F407Discovery\Obj\stm32f4xx_hal_pwr_ex.o
#        D:\Hh\STController\code\CodeGen\STM32F407Discovery\EWARM\STM32F407Discovery\Obj\stm32f4xx_hal_rcc.o
#        D:\Hh\STController\code\CodeGen\STM32F407Discovery\EWARM\STM32F407Discovery\Obj\stm32f4xx_hal_rcc_ex.o
#        D:\Hh\STController\code\CodeGen\STM32F407Discovery\EWARM\STM32F407Discovery\Obj\stm32f4xx_hal_rtc.o
#        D:\Hh\STController\code\CodeGen\STM32F407Discovery\EWARM\STM32F407Discovery\Obj\stm32f4xx_hal_rtc_ex.o
#        D:\Hh\STController\code\CodeGen\STM32F407Discovery\EWARM\STM32F407Discovery\Obj\stm32f4xx_hal_tim.o
#        D:\Hh\STController\code\CodeGen\STM32F407Discovery\EWARM\STM32F407Discovery\Obj\stm32f4xx_hal_tim_ex.o
#        D:\Hh\STController\code\CodeGen\STM32F407Discovery\EWARM\STM32F407Discovery\Obj\stm32f4xx_hal_uart.o
#        D:\Hh\STController\code\CodeGen\STM32F407Discovery\EWARM\STM32F407Discovery\Obj\stm32f4xx_it.o
#        D:\Hh\STController\code\CodeGen\STM32F407Discovery\EWARM\STM32F407Discovery\Obj\system_stm32f4xx.o
#        D:\Hh\STController\code\CodeGen\STM32F407Discovery\EWARM\STM32F407Discovery\Obj\tasks.o
#        D:\Hh\STController\code\CodeGen\STM32F407Discovery\EWARM\STM32F407Discovery\Obj\timers.o
#        --redirect _Printf=_PrintfFull --redirect _Scanf=_ScanfFull -o
#        D:\Hh\STController\code\CodeGen\STM32F407Discovery\EWARM\STM32F407Discovery\Exe\STM32F407Discovery.out
#        --map
#        D:\Hh\STController\code\CodeGen\STM32F407Discovery\EWARM\STM32F407Discovery\List\STM32F407Discovery.map
#        --config
#        D:\Hh\STController\code\CodeGen\STM32F407Discovery\EWARM/stm32f407xx_flash.icf
#        --semihosting --entry __iar_program_start --vfe
#
###############################################################################

*******************************************************************************
*** RUNTIME MODEL ATTRIBUTES
***

CppFlavor                     = *
__Heap_Handler                = Basic
__SystemLibrary               = DLib
__dlib_dynamic_initialization = normal


*******************************************************************************
*** PLACEMENT SUMMARY
***

"A1":  place at 0x08000000 { ro section .intvec };
"P1":  place in [from 0x08000000 to 0x080fffff] { ro };
"P2":  place in [from 0x20000000 to 0x2001ffff] { rw, block CSTACK, block HEAP };

  Section             Kind        Address    Size  Object
  -------             ----        -------    ----  ------
"A1":                                       0x188
  .intvec             ro code  0x08000000   0x188  startup_stm32f407xx.o [1]
                             - 0x08000188   0x188

"P1":                                      0x59c6
  .text               ro code  0x08000188  0x1166  xprintffull.o [3]
  .text               ro code  0x080012ee    0x20  xmbtowc.o [3]
  .text               ro code  0x08001310    0x16  strchr.o [5]
  .text               ro code  0x08001328    0x36  strlen.o [5]
  .text               ro code  0x08001360    0x58  memchr.o [5]
  .text               ro code  0x080013b8     0xa  xmbcurmax.o [3]
  .text               ro code  0x080013c4    0xb0  xxmemxmalloc.o [3]
  .text               ro code  0x08001474    0x1a  xwctomb.o [3]
  .text               ro code  0x08001490    0x76  ABImemcpy_unaligned.o [5]
  .text               ro code  0x08001508    0x80  xxmemxfree.o [3]
  .text               ro code  0x08001588    0xee  I64DivMod.o [5]
  .text               ro code  0x08001676    0x42  xdnorm.o [4]
  .text               ro code  0x080016b8    0x2e  DblCmpLe.o [4]
  .text               ro code  0x080016e8    0x2e  DblCmpGe.o [4]
  .text               ro code  0x08001718   0x114  xdscale.o [4]
  .text               ro code  0x0800182c    0x58  DblToI32.o [4]
  .text               ro code  0x08001884    0x30  I32ToDbl.o [4]
  .text               ro code  0x080018b4   0x180  DblSub.o [4]
  .text               ro code  0x08001a34   0x1a2  DblMul.o [4]
  .text               ro code  0x08001bd8   0x256  DblDiv.o [4]
  .text               ro code  0x08001e30    0x6c  localeconv.o [3]
  .text               ro code  0x08001e9c     0xe  div.o [3]
  .text               ro code  0x08001eac    0x14  setlocale.o [3]
  .text               ro code  0x08001ec0    0x60  xencoding_sb.o [3]
  .text               ro code  0x08001f20    0x2c  xgetmemchunk.o [3]
  .text               ro code  0x08001f4c     0x2  I64DivZer.o [5]
  .text               ro code  0x08001f50    0xd4  DblAdd.o [4]
  .text               ro code  0x08002024     0x2  xtls.o [3]
  .text               ro code  0x08002028   0x870  tasks.o [1]
  .text               ro code  0x08002898   0x1e8  port.o [1]
  .text               ro code  0x08002a80    0x8e  list.o [1]
  .text               ro code  0x08002b10   0x348  timers.o [1]
  .text               ro code  0x08002e58   0x1ac  heap_4.o [1]
  .text               ro code  0x08003004    0x3a  ABImemset48.o [5]
  CODE                ro code  0x08003040    0xa8  portasm.o [1]
  .text               ro code  0x080030e8   0x684  queue.o [1]
  .text               ro code  0x0800376c   0x4ee  stm32f4xx_hal_uart.o [1]
  .text               ro code  0x08003c5c    0xfc  stm32f4xx_hal_msp.o [1]
  .text               ro code  0x08003d58    0x6c  stm32f4xx_hal.o [1]
  .text               ro code  0x08003dc4   0x434  stm32f4xx_hal_rcc.o [1]
  .text               ro code  0x080041f8    0xd8  stm32f4xx_hal_cortex.o [1]
  .text               ro code  0x080042d0   0x21e  stm32f4xx_hal_gpio.o [1]
  .text               ro code  0x080044f0   0x46c  APP_MotorDriver.o [1]
  .text               ro code  0x0800495c    0x7e  CDL_PWM.o [1]
  .text               ro code  0x080049dc   0x240  cmsis_os.o [1]
  .text               ro code  0x08004c1c    0x6c  CDL_Printf.o [1]
  .text               ro code  0x08004c88   0x3e0  stm32f4xx_hal_tim.o [1]
  .text               ro code  0x08005068    0x8a  stm32f4xx_hal_tim_ex.o [1]
  .text               ro code  0x080050f4    0x24  printf.o [3]
  .text               ro code  0x08005118   0x454  main.o [1]
  .text               ro code  0x0800556c    0xdc  stm32f4xx_hal_i2c.o [1]
  .text               ro code  0x08005648    0xe8  stm32f4xx_it.o [1]
  .text               ro code  0x08005730    0xa4  APP_Console.o [1]
  .text               ro code  0x080057d4    0x50  system_stm32f4xx.o [1]
  .text               ro code  0x08005824    0x40  zero_init3.o [5]
  .text               ro code  0x08005864    0x38  packbits_init_single.o [5]
  .text               ro code  0x0800589c    0x28  data_init.o [5]
  .rodata             const    0x080058c4    0x24  main.o [1]
  .text               ro code  0x080058e8    0x22  fpinit_M.o [4]
  .iar.init_table     const    0x0800590c    0x20  - Linker created -
  .text               ro code  0x0800592c    0x1a  cmain.o [5]
  .text               ro code  0x08005946     0x4  low_level_init.o [3]
  .text               ro code  0x0800594a     0x4  exit.o [3]
  .text               ro code  0x08005950     0xa  cexit.o [5]
  .text               ro code  0x0800595c    0x14  exit.o [6]
  .text               ro code  0x08005970    0x16  xprout.o [3]
  .text               ro code  0x08005988     0xc  putchar.o [3]
  .text               ro code  0x08005994    0x10  startup_stm32f407xx.o [1]
  .text               ro code  0x080059a4     0xc  cstartup_M.o [5]
  .text               ro code  0x080059b0     0x4  startup_stm32f407xx.o [1]
  .text               ro code  0x080059b4     0x4  startup_stm32f407xx.o [1]
  .text               ro code  0x080059b8     0x4  startup_stm32f407xx.o [1]
  .text               ro code  0x080059bc     0x4  startup_stm32f407xx.o [1]
  .text               ro code  0x080059c0     0x4  startup_stm32f407xx.o [1]
  .text               ro code  0x080059c4     0x4  startup_stm32f407xx.o [1]
  .text               ro code  0x080059c8     0x4  startup_stm32f407xx.o [1]
  .text               ro code  0x080059cc     0x4  startup_stm32f407xx.o [1]
  .text               ro code  0x080059d0     0x4  startup_stm32f407xx.o [1]
  .text               ro code  0x080059d4     0x4  startup_stm32f407xx.o [1]
  .text               ro code  0x080059d8     0x4  startup_stm32f407xx.o [1]
  .text               ro code  0x080059dc     0x4  startup_stm32f407xx.o [1]
  .text               ro code  0x080059e0     0x4  startup_stm32f407xx.o [1]
  .text               ro code  0x080059e4     0x4  startup_stm32f407xx.o [1]
  .text               ro code  0x080059e8     0x4  startup_stm32f407xx.o [1]
  .text               ro code  0x080059ec     0x4  startup_stm32f407xx.o [1]
  .text               ro code  0x080059f0     0x4  startup_stm32f407xx.o [1]
  .text               ro code  0x080059f4     0x4  startup_stm32f407xx.o [1]
  .text               ro code  0x080059f8     0x4  startup_stm32f407xx.o [1]
  .text               ro code  0x080059fc     0x4  startup_stm32f407xx.o [1]
  .text               ro code  0x08005a00     0x4  startup_stm32f407xx.o [1]
  .text               ro code  0x08005a04     0x4  startup_stm32f407xx.o [1]
  .text               ro code  0x08005a08     0x4  startup_stm32f407xx.o [1]
  .text               ro code  0x08005a0c     0x4  startup_stm32f407xx.o [1]
  .text               ro code  0x08005a10     0x4  startup_stm32f407xx.o [1]
  .text               ro code  0x08005a14     0x4  startup_stm32f407xx.o [1]
  .text               ro code  0x08005a18     0x4  startup_stm32f407xx.o [1]
  .text               ro code  0x08005a1c     0x4  startup_stm32f407xx.o [1]
  .text               ro code  0x08005a20     0x4  startup_stm32f407xx.o [1]
  .text               ro code  0x08005a24     0x4  startup_stm32f407xx.o [1]
  .text               ro code  0x08005a28     0x4  startup_stm32f407xx.o [1]
  .text               ro code  0x08005a2c     0x4  startup_stm32f407xx.o [1]
  .text               ro code  0x08005a30     0x4  startup_stm32f407xx.o [1]
  .text               ro code  0x08005a34     0x4  startup_stm32f407xx.o [1]
  .text               ro code  0x08005a38     0x4  startup_stm32f407xx.o [1]
  .text               ro code  0x08005a3c     0x4  startup_stm32f407xx.o [1]
  .text               ro code  0x08005a40     0x4  startup_stm32f407xx.o [1]
  .text               ro code  0x08005a44     0x4  startup_stm32f407xx.o [1]
  .text               ro code  0x08005a48     0x4  startup_stm32f407xx.o [1]
  .text               ro code  0x08005a4c     0x4  startup_stm32f407xx.o [1]
  .text               ro code  0x08005a50     0x4  startup_stm32f407xx.o [1]
  .text               ro code  0x08005a54     0x4  startup_stm32f407xx.o [1]
  .text               ro code  0x08005a58     0x4  startup_stm32f407xx.o [1]
  .text               ro code  0x08005a5c     0x4  startup_stm32f407xx.o [1]
  .text               ro code  0x08005a60     0x4  startup_stm32f407xx.o [1]
  .text               ro code  0x08005a64     0x4  startup_stm32f407xx.o [1]
  .text               ro code  0x08005a68     0x4  startup_stm32f407xx.o [1]
  .text               ro code  0x08005a6c     0x4  startup_stm32f407xx.o [1]
  .text               ro code  0x08005a70     0x4  startup_stm32f407xx.o [1]
  .text               ro code  0x08005a74     0x4  startup_stm32f407xx.o [1]
  .text               ro code  0x08005a78     0x4  startup_stm32f407xx.o [1]
  .text               ro code  0x08005a7c     0x4  startup_stm32f407xx.o [1]
  .text               ro code  0x08005a80     0x4  startup_stm32f407xx.o [1]
  .text               ro code  0x08005a84     0x4  startup_stm32f407xx.o [1]
  .text               ro code  0x08005a88     0x4  startup_stm32f407xx.o [1]
  .text               ro code  0x08005a8c     0x4  startup_stm32f407xx.o [1]
  .text               ro code  0x08005a90     0x4  startup_stm32f407xx.o [1]
  .text               ro code  0x08005a94     0x4  startup_stm32f407xx.o [1]
  .text               ro code  0x08005a98     0x4  startup_stm32f407xx.o [1]
  .text               ro code  0x08005a9c     0x4  startup_stm32f407xx.o [1]
  .text               ro code  0x08005aa0     0x4  startup_stm32f407xx.o [1]
  .text               ro code  0x08005aa4     0x4  startup_stm32f407xx.o [1]
  .text               ro code  0x08005aa8     0x4  startup_stm32f407xx.o [1]
  .text               ro code  0x08005aac     0x4  startup_stm32f407xx.o [1]
  .text               ro code  0x08005ab0     0x4  startup_stm32f407xx.o [1]
  .text               ro code  0x08005ab4     0x4  startup_stm32f407xx.o [1]
  .text               ro code  0x08005ab8     0x4  startup_stm32f407xx.o [1]
  .text               ro code  0x08005abc     0x4  startup_stm32f407xx.o [1]
  .text               ro code  0x08005ac0     0x4  startup_stm32f407xx.o [1]
  .text               ro code  0x08005ac4     0x4  startup_stm32f407xx.o [1]
  .text               ro code  0x08005ac8     0x4  startup_stm32f407xx.o [1]
  .text               ro code  0x08005acc     0x4  startup_stm32f407xx.o [1]
  .text               ro code  0x08005ad0     0x4  startup_stm32f407xx.o [1]
  .text               ro code  0x08005ad4     0x4  startup_stm32f407xx.o [1]
  .text               ro code  0x08005ad8     0x4  startup_stm32f407xx.o [1]
  .text               ro code  0x08005adc     0x4  startup_stm32f407xx.o [1]
  .text               ro code  0x08005ae0     0x4  startup_stm32f407xx.o [1]
  .text               ro code  0x08005ae4     0x4  startup_stm32f407xx.o [1]
  .text               ro code  0x08005ae8     0x4  startup_stm32f407xx.o [1]
  .text               ro code  0x08005aec     0x4  startup_stm32f407xx.o [1]
  .text               ro code  0x08005af0     0x4  startup_stm32f407xx.o [1]
  .text               ro code  0x08005af4     0x4  startup_stm32f407xx.o [1]
  .text               ro code  0x08005af8     0x4  startup_stm32f407xx.o [1]
  .text               ro code  0x08005afc     0x4  startup_stm32f407xx.o [1]
  .rodata             const    0x08005b00     0x0  zero_init3.o [5]
  .rodata             const    0x08005b00     0x0  packbits_init_single.o [5]
  Initializer bytes   const    0x08005b00    0x4e  <for P2-1>
                             - 0x08005b4e  0x59c6

"P2", part 1 of 3:                          0x26c
  P2-1                         0x20000000   0x26c  <Init block>
    .data             inited   0x20000000    0x84  APP_MotorDriver.o [1]
    .data             inited   0x20000084     0xc  port.o [1]
    .data             inited   0x20000090     0x4  system_stm32f4xx.o [1]
    .data             inited   0x20000094    0x9c  tasks.o [1]
    .data             inited   0x20000130    0x40  xfiles.o [3]
    __DLIB_PERTHREAD  inited   0x20000170    0x88  localeconv.o [3]
    __DLIB_PERTHREAD  inited   0x200001f8    0x74  setlocale.o [3]
                             - 0x2000026c   0x26c

"P2", part 2 of 3:                          0x600
  CSTACK                       0x20000270   0x200  <Block>
    CSTACK            uninit   0x20000270   0x200  <Block tail>
  HEAP                         0x20000470   0x400  <Block>
    HEAP              uninit   0x20000470   0x400  <Block tail>
                             - 0x20000870   0x600

"P2", part 3 of 3:                         0x3e6c
  .bss                zero     0x20000870  0x3c18  heap_4.o [1]
  .bss                zero     0x20004488    0x8c  main.o [1]
  .bss                zero     0x20004514    0x8c  tasks.o [1]
  .bss                zero     0x200045a0    0x50  xfiles.o [3]
  .bss                zero     0x200045f0    0x40  queue.o [1]
  .bss                zero     0x20004630    0x3c  APP_MotorDriver.o [1]
  .bss                zero     0x2000466c    0x38  timers.o [1]
  .bss                zero     0x200046a4     0xc  main.o [1]
  .bss                zero     0x200046b0     0xa  APP_STM.o [1]
  .bss                zero     0x200046bc     0x8  xxmemxmalloc.o [3]
  .bss                zero     0x200046c4     0x4  APP_Console.o [1]
  .bss                zero     0x200046c8     0x4  APP_Console.o [1]
  .bss                zero     0x200046cc     0x4  stm32f4xx_hal.o [1]
  .bss                zero     0x200046d0     0x4  stm32f4xx_it.o [1]
  .bss                zero     0x200046d4     0x4  stm32f4xx_it.o [1]
  .bss                zero     0x200046d8     0x4  xgetmemchunk.o [3]
                             - 0x200046dc  0x3e6c


*******************************************************************************
*** INIT TABLE
***

          Address     Size
          -------     ----
Zero (__iar_zero_init3)
    1 destination range, total size 0x3e6c:
          0x20000870  0x3e6c

Copy/packbits (__iar_packbits_init_single3)
    1 source range, total size 0x4e (12% of destination):
          0x08005b00    0x4e
    1 destination range, total size 0x26c:
          0x20000000   0x26c



*******************************************************************************
*** MODULE SUMMARY
***

    Module                  ro code  ro data  rw data
    ------                  -------  -------  -------
D:\Hh\STController\code\CodeGen\STM32F407Discovery\EWARM\STM32F407Discovery\Obj: [1]
    APP_Console.o               164                 8
    APP_MotorDriver.o         1 132       16      192
    APP_STM.o                                      10
    CDL_PWM.o                   126
    CDL_Printf.o                108
    cmsis_os.o                  576
    heap_4.o                    428            15 384
    list.o                      142
    main.o                    1 108       36      152
    port.o                      488        2       12
    portasm.o                   168
    queue.o                   1 668                64
    startup_stm32f407xx.o       744
    stm32f4xx_hal.o             108                 4
    stm32f4xx_hal_cortex.o      216
    stm32f4xx_hal_gpio.o        542
    stm32f4xx_hal_i2c.o         220
    stm32f4xx_hal_msp.o         252
    stm32f4xx_hal_rcc.o       1 076
    stm32f4xx_hal_tim.o         992
    stm32f4xx_hal_tim_ex.o      138
    stm32f4xx_hal_uart.o      1 262
    stm32f4xx_it.o              232                 8
    system_stm32f4xx.o           80                 4
    tasks.o                   2 160       20      296
    timers.o                    840                56
    -------------------------------------------------
    Total:                   14 970       74   16 190

command line: [2]
    -------------------------------------------------
    Total:

dl7M_tlf.a: [3]
    div.o                        14
    exit.o                        4
    localeconv.o                108       17      136
    low_level_init.o              4
    printf.o                     36
    putchar.o                    12
    setlocale.o                  20       14      116
    xencoding_sb.o               96
    xfiles.o                               8      144
    xgetmemchunk.o               44                 4
    xmbcurmax.o                  10
    xmbtowc.o                    32
    xprintffull.o             4 454
    xprout.o                     22
    xtls.o                        2
    xwctomb.o                    26
    xxmemxfree.o                128
    xxmemxmalloc.o              176                 8
    -------------------------------------------------
    Total:                    5 188       39      408

m7M_tls.a: [4]
    DblAdd.o                    212
    DblCmpGe.o                   46
    DblCmpLe.o                   46
    DblDiv.o                    598
    DblMul.o                    418
    DblSub.o                    384
    DblToI32.o                   88
    I32ToDbl.o                   48
    fpinit_M.o                   34
    xdnorm.o                     66
    xdscale.o                   276
    -------------------------------------------------
    Total:                    2 216

rt7M_tl.a: [5]
    ABImemcpy_unaligned.o       118
    ABImemset48.o                58
    I64DivMod.o                 238
    I64DivZer.o                   2
    cexit.o                      10
    cmain.o                      26
    cstartup_M.o                 12
    data_init.o                  40
    memchr.o                     88
    packbits_init_single.o       56
    strchr.o                     22
    strlen.o                     54
    zero_init3.o                 64
    -------------------------------------------------
    Total:                      788

shb_l.a: [6]
    exit.o                       20
    -------------------------------------------------
    Total:                       20

    Gaps                         44        2        2
    Linker created                        33    1 536
-----------------------------------------------------
    Grand Total:             23 226      148   18 136


*******************************************************************************
*** ENTRY LIST
***

Entry                      Address    Size  Type      Object
-----                      -------    ----  ----      ------
.iar.init_table$$Base   0x0800590c           --   Gb  - Linker created -
.iar.init_table$$Limit  0x0800592c           --   Gb  - Linker created -
?main                   0x0800592d          Code  Gb  cmain.o [5]
APBAHBPrescTable        0x080041e8    0x10  Data  Gb  stm32f4xx_hal_rcc.o [1]
CSTACK$$Base            0x20000270           --   Gb  - Linker created -
CSTACK$$Limit           0x20000470           --   Gb  - Linker created -
ConsoleTaskHandle       0x2000450c     0x4  Data  Gb  main.o [1]
EXTI15_10_IRQHandler    0x080056d9    0x32  Code  Gb  stm32f4xx_it.o [1]
EXTI9_5_IRQHandler      0x08005657    0x68  Code  Gb  stm32f4xx_it.o [1]
EncoderCallback         0x080047a1    0xbe  Code  Gb  APP_MotorDriver.o [1]
HAL_GPIO_EXTI_Callback  0x080044ed     0x2  Code  Wk  stm32f4xx_hal_gpio.o [1]
HAL_GPIO_EXTI_IRQHandler
                        0x080044a5    0x14  Code  Gb  stm32f4xx_hal_gpio.o [1]
HAL_GPIO_Init           0x080042d1   0x1c0  Code  Gb  stm32f4xx_hal_gpio.o [1]
HAL_GPIO_ReadPin        0x08004491     0xc  Code  Gb  stm32f4xx_hal_gpio.o [1]
HAL_GPIO_WritePin       0x0800449d     0x8  Code  Gb  stm32f4xx_hal_gpio.o [1]
HAL_GetTick             0x08003db7     0x6  Code  Wk  stm32f4xx_hal.o [1]
HAL_I2C_Init            0x0800556d    0xc4  Code  Gb  stm32f4xx_hal_i2c.o [1]
HAL_I2C_MspInit         0x08003c75    0x44  Code  Gb  stm32f4xx_hal_msp.o [1]
HAL_IncTick             0x08003dad     0xa  Code  Wk  stm32f4xx_hal.o [1]
HAL_Init                0x08003d59    0x30  Code  Gb  stm32f4xx_hal.o [1]
HAL_InitTick            0x08003d89    0x24  Code  Wk  stm32f4xx_hal.o [1]
HAL_MspInit             0x08003c5d    0x18  Code  Gb  stm32f4xx_hal_msp.o [1]
HAL_NVIC_EnableIRQ      0x08004267     0xc  Code  Gb  stm32f4xx_hal_cortex.o [1]
HAL_NVIC_SetPriority    0x0800422d    0x3a  Code  Gb  stm32f4xx_hal_cortex.o [1]
HAL_NVIC_SetPriorityGrouping
                        0x08004213    0x1a  Code  Gb  stm32f4xx_hal_cortex.o [1]
HAL_RCC_ClockConfig     0x0800400f   0x10e  Code  Gb  stm32f4xx_hal_rcc.o [1]
HAL_RCC_GetHCLKFreq     0x08004171    0x1e  Code  Gb  stm32f4xx_hal_rcc.o [1]
HAL_RCC_GetPCLK1Freq    0x0800418f    0x10  Code  Gb  stm32f4xx_hal_rcc.o [1]
HAL_RCC_GetPCLK2Freq    0x0800419f     0xe  Code  Gb  stm32f4xx_hal_rcc.o [1]
HAL_RCC_GetSysClockFreq
                        0x0800412b    0x46  Code  Wk  stm32f4xx_hal_rcc.o [1]
HAL_RCC_OscConfig       0x08003dc5   0x242  Code  Wk  stm32f4xx_hal_rcc.o [1]
HAL_SYSTICK_CLKSourceConfig
                        0x080042a3    0x14  Code  Gb  stm32f4xx_hal_cortex.o [1]
HAL_SYSTICK_Config      0x0800427b    0x28  Code  Gb  stm32f4xx_hal_cortex.o [1]
HAL_TIMEx_ConfigBreakDeadTime
                        0x080050b3    0x40  Code  Gb  stm32f4xx_hal_tim_ex.o [1]
HAL_TIMEx_MasterConfigSynchronization
                        0x08005069    0x4a  Code  Gb  stm32f4xx_hal_tim_ex.o [1]
HAL_TIM_PWM_ConfigChannel
                        0x08004d71    0xb8  Code  Gb  stm32f4xx_hal_tim.o [1]
HAL_TIM_PWM_Init        0x08004cb3    0x1a  Code  Gb  stm32f4xx_hal_tim.o [1]
HAL_TIM_PWM_MspInit     0x08003cb9    0x26  Code  Gb  stm32f4xx_hal_msp.o [1]
HAL_TIM_PWM_Start       0x08004cd5    0x14  Code  Gb  stm32f4xx_hal_tim.o [1]
HAL_TIM_PWM_Stop        0x08004cf3    0x32  Code  Gb  stm32f4xx_hal_tim.o [1]
HAL_UART_ErrorCallback  0x080039af     0x2  Code  Wk  stm32f4xx_hal_uart.o [1]
HAL_UART_IRQHandler     0x08003883   0x128  Code  Gb  stm32f4xx_hal_uart.o [1]
HAL_UART_Init           0x0800376d    0x28  Code  Gb  stm32f4xx_hal_uart.o [1]
HAL_UART_MspInit        0x08003cdf    0x52  Code  Gb  stm32f4xx_hal_msp.o [1]
HAL_UART_Receive        0x080037db    0x9a  Code  Gb  stm32f4xx_hal_uart.o [1]
HAL_UART_RxCpltCallback
                        0x080039ad     0x2  Code  Wk  stm32f4xx_hal_uart.o [1]
HAL_UART_TxCpltCallback
                        0x080039ab     0x2  Code  Wk  stm32f4xx_hal_uart.o [1]
HEAP$$Base              0x20000470           --   Gb  - Linker created -
HEAP$$Limit             0x20000870           --   Gb  - Linker created -
ID_SEM_PRINTF           0x20004510     0x4  Data  Gb  main.o [1]
Kd_l                    0x20000050     0x4  Data  Lc  APP_MotorDriver.o [1]
Kd_r                    0x2000005c     0x4  Data  Lc  APP_MotorDriver.o [1]
Ki_l                    0x2000004c     0x4  Data  Lc  APP_MotorDriver.o [1]
Ki_r                    0x20000058     0x4  Data  Lc  APP_MotorDriver.o [1]
Kp_l                    0x20000048     0x4  Data  Lc  APP_MotorDriver.o [1]
Kp_r                    0x20000054     0x4  Data  Lc  APP_MotorDriver.o [1]
LoadInt                 0x080007d7    0x6e  Code  Lc  xprintffull.o [3]
MX_GPIO_Init            0x08005269   0x196  Code  Lc  main.o [1]
MotorDriveTaskHandle    0x200046ac     0x4  Data  Gb  main.o [1]
NVIC_SetPriority        0x080041f9    0x1a  Code  Lc  stm32f4xx_hal_cortex.o [1]
PendSV_Handler          0x08003041          Code  Gb  portasm.o [1]
Region$$Table$$Base     0x0800590c           --   Gb  - Linker created -
Region$$Table$$Limit    0x0800592c           --   Gb  - Linker created -
SVC_Handler             0x08003099          Code  Gb  portasm.o [1]
StartDefaultTask        0x08005465    0x80  Code  Gb  main.o [1]
SysTick_Handler         0x08005649     0xe  Code  Gb  stm32f4xx_it.o [1]
SystemClock_Config      0x080051c5    0xa4  Code  Gb  main.o [1]
SystemCoreClock         0x20000090     0x4  Data  Gb  system_stm32f4xx.o [1]
SystemInit              0x080057d5    0x3a  Code  Gb  system_stm32f4xx.o [1]
TIM_Base_SetConfig      0x08004e49    0x90  Code  Gb  stm32f4xx_hal_tim.o [1]
TIM_CCxChannelCmd       0x08004f2d    0x18  Code  Gb  stm32f4xx_hal_tim.o [1]
TIM_OC1_SetConfig       0x08004f45    0x4a  Code  Lc  stm32f4xx_hal_tim.o [1]
TIM_OC2_SetConfig       0x08004edb    0x52  Code  Gb  stm32f4xx_hal_tim.o [1]
TIM_OC3_SetConfig       0x08004f9b    0x56  Code  Lc  stm32f4xx_hal_tim.o [1]
TIM_OC4_SetConfig       0x08004ff7    0x46  Code  Lc  stm32f4xx_hal_tim.o [1]
UART_Receive_IT         0x08003a4d    0x90  Code  Lc  stm32f4xx_hal_uart.o [1]
UART_SendData           0x08004c81     0x8  Code  Gb  CDL_Printf.o [1]
UART_SetConfig          0x08003add   0x13a  Code  Lc  stm32f4xx_hal_uart.o [1]
UART_WaitOnFlagUntilTimeout
                        0x080039b1    0x8c  Code  Lc  stm32f4xx_hal_uart.o [1]
USART2_IRQHandler       0x080056d3     0x6  Code  Gb  stm32f4xx_it.o [1]
_EncodingSb_Mbtowc      0x08001edb    0x30  Code  Gb  xencoding_sb.o [3]
_EncodingSb_Wctomb      0x08001ec1    0x1a  Code  Gb  xencoding_sb.o [3]
_GenldFull              0x0800105b   0x24c  Code  Lc  xprintffull.o [3]
_IsdstStr               0x200001fc     0x4  Data  Gb  setlocale.o [3]
_LdtobFull              0x08000c59   0x3fc  Code  Lc  xprintffull.o [3]
_LitobFull              0x08000b51   0x106  Code  Lc  xprintffull.o [3]
_LocaleEncoding         0x08001ead     0xe  Code  Gb  setlocale.o [3]
_LocaleReturnString     0x2000021c    0x50  Data  Lc  setlocale.o [3]
_Locale_Profile         0x20000200    0x1c  Data  Gb  setlocale.o [3]
_Locale_aeabi_lconv     0x200001c0    0x38  Data  Gb  localeconv.o [3]
_Locale_lconv           0x20000170    0x50  Data  Gb  localeconv.o [3]
_Mbtowc                 0x080012ef    0x20  Code  Gb  xmbtowc.o [3]
_PrintfFull             0x08000189   0x638  Code  Gb  xprintffull.o [3]
_Prout                  0x08005971    0x16  Code  Gb  xprout.o [3]
_PutcharsFull           0x080012a7    0x2e  Code  Lc  xprintffull.o [3]
_PutstrFull             0x08000845   0x306  Code  Lc  xprintffull.o [3]
_TzoneStr               0x200001f8     0x4  Data  Gb  setlocale.o [3]
_Wctomb                 0x08001475    0x1a  Code  Gb  xwctomb.o [3]
__aeabi_cdcmple         0x080016b9          Code  Gb  DblCmpLe.o [4]
__aeabi_cdrcmple        0x080016e9          Code  Gb  DblCmpGe.o [4]
__aeabi_d2iz            0x0800182d          Code  Gb  DblToI32.o [4]
__aeabi_d2uiz           0x08001859          Code  Gb  DblToI32.o [4]
__aeabi_ddiv            0x08001bd9          Code  Gb  DblDiv.o [4]
__aeabi_dmul            0x08001a35          Code  Gb  DblMul.o [4]
__aeabi_dsub            0x080018b5          Code  Gb  DblSub.o [4]
__aeabi_i2d             0x08001885          Code  Gb  I32ToDbl.o [4]
__aeabi_ldiv0           0x08001f4d          Code  Gb  I64DivZer.o [5]
__aeabi_memset4         0x08003005          Code  Gb  ABImemset48.o [5]
__aeabi_memset8         0x08003005          Code  Gb  ABImemset48.o [5]
__aeabi_ui2d            0x08001899          Code  Gb  I32ToDbl.o [4]
__aeabi_uldivmod        0x08001589          Code  Gb  I64DivMod.o [5]
__cmain                 0x0800592d          Code  Gb  cmain.o [5]
__data_Aldata           0x200046bc     0x8  Data  Gb  xxmemxmalloc.o [3]
__data_GetMemChunk      0x08001f21    0x2c  Code  Gb  xgetmemchunk.o [3]
__exit                  0x0800595d    0x14  Code  Gb  exit.o [6]
__iar_Dnorm             0x08001677    0x42  Code  Gb  xdnorm.o [4]
__iar_Dscale            0x08001719   0x114  Code  Gb  xdscale.o [4]
__iar_Locale_lconv_init
                        0x08001e31    0x3a  Code  Gb  localeconv.o [3]
__iar_Mbcurmax          0x080013b9     0xa  Code  Gb  xmbcurmax.o [3]
__iar_Memchr            0x08001361          Code  Gb  memchr.o [5]
__iar_Memset4_word      0x0800300d          Code  Gb  ABImemset48.o [5]
__iar_Memset8_word      0x0800300d          Code  Gb  ABImemset48.o [5]
__iar_Stdout            0x20000130    0x40  Data  Gb  xfiles.o [3]
__iar_Strchr            0x08001311          Code  Gb  strchr.o [5]
__iar_d2uiz             0x08001865          Code  Gb  DblToI32.o [4]
__iar_dadd              0x08001f51          Code  Gb  DblAdd.o [4]
__iar_data_init3        0x0800589d    0x28  Code  Gb  data_init.o [5]
__iar_dlib_perthread_access
                        0x08002025     0x2  Code  Gb  xtls.o [3]
__iar_dsub              0x080018c9          Code  Gb  DblSub.o [4]
__iar_dsubStart         0x080018db          Code  Gb  DblSub.o [4]
__iar_init_vfp          0x080058e9          Code  Gb  fpinit_M.o [4]
__iar_packbits_init_single3
                        0x08005865    0x38  Code  Gb  packbits_init_single.o [5]
__iar_program_start     0x080059a5          Code  Gb  cstartup_M.o [5]
__iar_ui2d              0x0800189d          Code  Gb  I32ToDbl.o [4]
__iar_unaligned___aeabi_memcpy
                        0x08001491          Code  Gb  ABImemcpy_unaligned.o [5]
__iar_unaligned___aeabi_memcpy4
                        0x080014b1          Code  Gb  ABImemcpy_unaligned.o [5]
__iar_unaligned___aeabi_memcpy8
                        0x080014b1          Code  Gb  ABImemcpy_unaligned.o [5]
__iar_zero_init3        0x08005825    0x40  Code  Gb  zero_init3.o [5]
__low_level_init        0x08005947     0x4  Code  Gb  low_level_init.o [3]
__vector_table          0x08000000          Data  Gb  startup_stm32f407xx.o [1]
_call_main              0x08005939          Code  Gb  cmain.o [5]
_exit                   0x08005951          Code  Gb  cexit.o [5]
_main                   0x08005943          Code  Gb  cmain.o [5]
abd_speedL              0x20000024     0x4  Data  Lc  APP_MotorDriver.o [1]
abd_speedLCalc          0x2000001c     0x4  Data  Lc  APP_MotorDriver.o [1]
abd_speedR              0x20000028     0x4  Data  Lc  APP_MotorDriver.o [1]
abd_speedRCalc          0x20000020     0x4  Data  Lc  APP_MotorDriver.o [1]
abd_ticksL              0x200046d0     0x4  Data  Gb  stm32f4xx_it.o [1]
abd_ticksR              0x200046d4     0x4  Data  Gb  stm32f4xx_it.o [1]
app_CMDShell_Task       0x08005731    0x1e  Code  Gb  APP_Console.o [1]
app_Console_Mobile      0x0800574f    0x78  Code  Gb  APP_Console.o [1]
cdl_Getc                0x08004c3b    0x16  Code  Gb  CDL_Printf.o [1]
cdl_PWM_Init            0x0800495d    0x64  Code  Gb  CDL_PWM.o [1]
cdl_PWM_Level           0x080049c5     0x8  Code  Gb  CDL_PWM.o [1]
cdl_PWM_Switch          0x080049cd     0xe  Code  Gb  CDL_PWM.o [1]
cdl_Printf              0x08004c1d    0x1e  Code  Gb  CDL_Printf.o [1]
ckeck_pwr               0x2000003c     0x4  Data  Lc  APP_MotorDriver.o [1]
d                       0x200046b2     0x2  Data  Gb  APP_STM.o [1]
defaultTaskHandle       0x200046a8     0x4  Data  Gb  main.o [1]
div                     0x08001e9d     0xe  Code  Gb  div.o [3]
driveL                  0x20000040     0x4  Data  Lc  APP_MotorDriver.o [1]
driveR                  0x20000044     0x4  Data  Lc  APP_MotorDriver.o [1]
drive_Speed             0x080048bd    0x30  Code  Gb  APP_MotorDriver.o [1]
drive_getSpeedCalc      0x080048f1    0x20  Code  Gb  APP_MotorDriver.o [1]
drive_init              0x080044f1    0x78  Code  Gb  APP_MotorDriver.o [1]
drive_setSpeedPID       0x08004861    0x50  Code  Gb  APP_MotorDriver.o [1]
exit                    0x0800594b     0x4  Code  Gb  exit.o [3]
fputc                   0x08004c5b    0x1a  Code  Gb  CDL_Printf.o [1]
free                    0x08001509    0x7a  Code  Gb  xxmemxfree.o [3]
hi2c1                   0x20004488    0x44  Data  Gb  main.o [1]
htim1                   0x20004630    0x3c  Data  Gb  APP_MotorDriver.o [1]
huart2                  0x200044cc    0x40  Data  Gb  main.o [1]
inHandlerMode           0x080049e9     0xc  Code  Lc  cmsis_os.o [1]
localeconv              0x08001e6b    0x16  Code  Gb  localeconv.o [3]
main                    0x08005119    0xac  Code  Gb  main.o [1]
makeFreeRtosPriority    0x080049dd     0xc  Code  Lc  cmsis_os.o [1]
malloc                  0x080013c5    0xac  Code  Gb  xxmemxmalloc.o [3]
memchr                  0x08001361          Code  Gb  memchr.o [5]
motor_drive_loop        0x0800457d   0x202  Code  Gb  APP_MotorDriver.o [1]
obuf                    0x200045a0    0x50  Data  Lc  xfiles.o [3]
octim1                  0x20000000    0x1c  Data  Gb  APP_MotorDriver.o [1]
osDelay                 0x08004a3f     0xe  Code  Gb  cmsis_os.o [1]
osKernelStart           0x080049f5     0xa  Code  Gb  cmsis_os.o [1]
osSemaphoreCreate       0x08004b0d    0x2c  Code  Gb  cmsis_os.o [1]
osSemaphoreRelease      0x08004ba9    0x30  Code  Gb  cmsis_os.o [1]
osSemaphoreWait         0x08004b39    0x3c  Code  Gb  cmsis_os.o [1]
osSystickHandler        0x08004c09    0x14  Code  Gb  cmsis_os.o [1]
osThreadCreate          0x080049ff    0x36  Code  Gb  cmsis_os.o [1]
osThreadTerminate       0x08004a35     0xa  Code  Gb  cmsis_os.o [1]
osTimerCreate           0x08004a4d    0x1a  Code  Gb  cmsis_os.o [1]
osTimerStart            0x08004a67    0xa6  Code  Gb  cmsis_os.o [1]
printf                  0x080050f5    0x24  Code  Gb  printf.o [3]
prvAddCurrentTaskToDelayedList
                        0x080026ab    0x30  Code  Lc  tasks.o [1]
prvAllocateTCBAndStack  0x080026db    0x38  Code  Lc  tasks.o [1]
prvCheckForValidListAndQueue
                        0x08002dd9    0x4c  Code  Lc  timers.o [1]
prvCopyDataFromQueue    0x08003689    0x26  Code  Lc  queue.o [1]
prvCopyDataToQueue      0x0800361b    0x6e  Code  Lc  queue.o [1]
prvIdleTask             0x080025fd    0x5a  Code  Lc  tasks.o [1]
prvInitialiseTCBVariables
                        0x08002657    0x54  Code  Lc  tasks.o [1]
prvInsertBlockIntoFreeList
                        0x08002fb7    0x46  Code  Lc  heap_4.o [1]
prvInsertTimerInActiveList
                        0x08002ceb    0x34  Code  Lc  timers.o [1]
prvProcessReceivedCommands
                        0x08002d21    0xa8  Code  Lc  timers.o [1]
prvResetNextTaskUnblockTime
                        0x08002713    0x1a  Code  Lc  tasks.o [1]
prvSampleTimeNow        0x08002c71    0x7a  Code  Lc  timers.o [1]
prvTaskExitError        0x080028bd    0x28  Code  Lc  port.o [1]
prvTimerTask            0x08002bcd    0xa4  Code  Lc  timers.o [1]
prvUnlockQueue          0x080036af    0x5c  Code  Lc  queue.o [1]
putchar                 0x08005989     0xc  Code  Gb  putchar.o [3]
pvPortMalloc            0x08002e59    0xfa  Code  Gb  heap_4.o [1]
pvTaskIncrementMutexHeldCount
                        0x0800284b    0x12  Code  Gb  tasks.o [1]
pxCurrentTCB            0x200000bc     0x4  Data  Gb  tasks.o [1]
pxCurrentTimerList      0x2000466c     0x4  Data  Lc  timers.o [1]
pxDelayedTaskList       0x200000c0     0x4  Data  Lc  tasks.o [1]
pxEnd                   0x20000878     0x4  Data  Lc  heap_4.o [1]
pxOverflowDelayedTaskList
                        0x200000c4     0x4  Data  Lc  tasks.o [1]
pxOverflowTimerList     0x20004670     0x4  Data  Lc  timers.o [1]
pxPortInitialiseStack   0x08002899    0x22  Code  Gb  port.o [1]
pxReadyTasksLists       0x20004514    0x8c  Data  Lc  tasks.o [1]
strchr                  0x08001311          Code  Gb  strchr.o [5]
strlen                  0x08001329          Code  Gb  strlen.o [5]
taskFlag                0x200046a4     0x1  Data  Gb  main.o [1]
tpL                     0x2000002c     0x4  Data  Lc  APP_MotorDriver.o [1]
tpL_timer               0x20000034     0x4  Data  Lc  APP_MotorDriver.o [1]
tpR                     0x20000030     0x4  Data  Lc  APP_MotorDriver.o [1]
tpR_timer               0x20000038     0x4  Data  Lc  APP_MotorDriver.o [1]
ucHeap                  0x20000888  0x3c00  Data  Lc  heap_4.o [1]
ucMaxSysCallPriority    0x20000084     0x1  Data  Lc  port.o [1]
ulMaxPRIGROUPValue      0x2000008c     0x4  Data  Lc  port.o [1]
usFlag                  0x200046b0     0x1  Data  Gb  APP_STM.o [1]
usTime                  0x200046b4     0x2  Data  Gb  APP_STM.o [1]
usTime1                 0x200046b6     0x2  Data  Gb  APP_STM.o [1]
usTime2                 0x200046b8     0x2  Data  Gb  APP_STM.o [1]
uwTick                  0x200046cc     0x4  Data  Gb  stm32f4xx_hal.o [1]
uxCriticalNesting       0x20000088     0x4  Data  Lc  port.o [1]
uxCurrentNumberOfTasks  0x200000e0     0x4  Data  Lc  tasks.o [1]
uxListRemove            0x08002aeb    0x24  Code  Gb  list.o [1]
uxPendedTicks           0x200000f0     0x4  Data  Lc  tasks.o [1]
uxSchedulerSuspended    0x20000104     0x4  Data  Lc  tasks.o [1]
uxTaskNumber            0x200000fc     0x4  Data  Lc  tasks.o [1]
uxTasksDeleted          0x200000c8     0x4  Data  Lc  tasks.o [1]
uxTopReadyPriority      0x200000e8     0x4  Data  Lc  tasks.o [1]
vListInitialise         0x08002a81    0x1a  Code  Gb  list.o [1]
vListInitialiseItem     0x08002a9b     0x6  Code  Gb  list.o [1]
vListInsert             0x08002ab9    0x32  Code  Gb  list.o [1]
vListInsertEnd          0x08002aa1    0x18  Code  Gb  list.o [1]
vPortEnableVFP          0x080030cd          Code  Gb  portasm.o [1]
vPortEnterCritical      0x0800297d    0x32  Code  Gb  port.o [1]
vPortExitCritical       0x080029af    0x24  Code  Gb  port.o [1]
vPortFree               0x08002f65    0x44  Code  Gb  heap_4.o [1]
vPortSetupTimerInterrupt
                        0x080029f9    0x18  Code  Wk  port.o [1]
vPortStartFirstTask     0x080030b5          Code  Gb  portasm.o [1]
vPortValidateInterruptPriority
                        0x08002a11    0x42  Code  Gb  port.o [1]
vQueueAddToRegistry     0x0800370b    0x20  Code  Gb  queue.o [1]
vQueueWaitForMessageRestricted
                        0x08003735    0x38  Code  Gb  queue.o [1]
vTaskDelay              0x0800217f    0x3a  Code  Gb  tasks.o [1]
vTaskDelete             0x0800213b    0x44  Code  Gb  tasks.o [1]
vTaskMissedYield        0x080025f3     0xa  Code  Gb  tasks.o [1]
vTaskPlaceOnEventList   0x0800247b    0x18  Code  Gb  tasks.o [1]
vTaskPlaceOnEventListRestricted
                        0x080024cf    0x1c  Code  Gb  tasks.o [1]
vTaskPriorityInherit    0x08002743    0x6c  Code  Gb  tasks.o [1]
vTaskSetTimeOutState    0x08002573    0x20  Code  Gb  tasks.o [1]
vTaskStartScheduler     0x0800224b    0x5c  Code  Gb  tasks.o [1]
vTaskSuspendAll         0x080022a7     0xc  Code  Gb  tasks.o [1]
vTaskSwitchContext      0x08002429    0x52  Code  Gb  tasks.o [1]
xActiveTimerList1       0x2000467c    0x14  Data  Lc  timers.o [1]
xActiveTimerList2       0x20004690    0x14  Data  Lc  timers.o [1]
xBlockAllocatedBit      0x20000884     0x4  Data  Lc  heap_4.o [1]
xDelayedTaskList1       0x20000108    0x14  Data  Lc  tasks.o [1]
xDelayedTaskList2       0x2000011c    0x14  Data  Lc  tasks.o [1]
xFreeBytesRemaining     0x2000087c     0x4  Data  Lc  heap_4.o [1]
xMinimumEverFreeBytesRemaining
                        0x20000880     0x4  Data  Lc  heap_4.o [1]
xNextTaskUnblockTime    0x20000100     0x4  Data  Lc  tasks.o [1]
xNumOfOverflows         0x200000f8     0x4  Data  Lc  tasks.o [1]
xPendingReadyList       0x20000094    0x14  Data  Lc  tasks.o [1]
xPortStartScheduler     0x080028e5    0x84  Code  Gb  port.o [1]
xPortSysTickHandler     0x080029d3    0x26  Code  Gb  port.o [1]
xQueueCreateCountingSemaphore
                        0x080031c7    0x38  Code  Gb  queue.o [1]
xQueueGenericCreate     0x0800315b    0x5c  Code  Gb  queue.o [1]
xQueueGenericReceive    0x0800345f   0x124  Code  Gb  queue.o [1]
xQueueGenericReset      0x080030e9    0x72  Code  Gb  queue.o [1]
xQueueGenericSend       0x080031ff   0x128  Code  Gb  queue.o [1]
xQueueGenericSendFromISR
                        0x08003327    0x90  Code  Gb  queue.o [1]
xQueueGiveFromISR       0x080033c5    0x7a  Code  Gb  queue.o [1]
xQueueReceiveFromISR    0x08003593    0x68  Code  Gb  queue.o [1]
xQueueRegistry          0x200045f0    0x40  Data  Gb  queue.o [1]
xSchedulerRunning       0x200000ec     0x4  Data  Lc  tasks.o [1]
xStart                  0x20000870     0x8  Data  Lc  heap_4.o [1]
xSuspendedTaskList      0x200000cc    0x14  Data  Lc  tasks.o [1]
xTaskCheckForTimeOut    0x08002593    0x58  Code  Gb  tasks.o [1]
xTaskGenericCreate      0x08002029   0x112  Code  Gb  tasks.o [1]
xTaskGetSchedulerState  0x0800272d    0x16  Code  Gb  tasks.o [1]
xTaskGetTickCount       0x08002357     0x8  Code  Gb  tasks.o [1]
xTaskGetTickCountFromISR
                        0x0800235f     0xe  Code  Gb  tasks.o [1]
xTaskIncrementTick      0x0800236d    0xbc  Code  Gb  tasks.o [1]
xTaskPriorityDisinherit
                        0x080027af    0x7a  Code  Gb  tasks.o [1]
xTaskRemoveFromEventList
                        0x08002509    0x56  Code  Gb  tasks.o [1]
xTaskResumeAll          0x080022b3    0x90  Code  Gb  tasks.o [1]
xTasksWaitingTermination
                        0x200000a8    0x14  Data  Lc  tasks.o [1]
xTickCount              0x200000e4     0x4  Data  Lc  tasks.o [1]
xTimerCreate            0x08002b47    0x3c  Code  Gb  timers.o [1]
xTimerCreateTimerTask   0x08002b11    0x36  Code  Gb  timers.o [1]
xTimerGenericCommand    0x08002b83    0x48  Code  Gb  timers.o [1]
xTimerIsTimerActive     0x08002e2d    0x14  Code  Gb  timers.o [1]
xTimerQueue             0x20004674     0x4  Data  Lc  timers.o [1]
xYieldPending           0x200000f4     0x4  Data  Lc  tasks.o [1]


[1] = D:\Hh\STController\code\CodeGen\STM32F407Discovery\EWARM\STM32F407Discovery\Obj
[2] = command line
[3] = dl7M_tlf.a
[4] = m7M_tls.a
[5] = rt7M_tl.a
[6] = shb_l.a

  23 226 bytes of readonly  code memory
     148 bytes of readonly  data memory
  18 136 bytes of readwrite data memory

Errors: none
Warnings: none
