###############################################################################
#
# IAR ELF Linker V7.50.2.10312/W32 for ARM                01/Apr/2016  18:23:04
# Copyright 2007-2015 IAR Systems AB.
#
#    Output file  =  
#        D:\Hh\Telepresency\STM32F407Discovery\EWARM\STM32F407Discovery\Exe\STM32F407Discovery.out
#    Map file     =  
#        D:\Hh\Telepresency\STM32F407Discovery\EWARM\STM32F407Discovery\List\STM32F407Discovery.map
#    Command line =  
#        D:\Hh\Telepresency\STM32F407Discovery\EWARM\STM32F407Discovery\Obj\APP_Console.o
#        D:\Hh\Telepresency\STM32F407Discovery\EWARM\STM32F407Discovery\Obj\APP_Console_TBL.o
#        D:\Hh\Telepresency\STM32F407Discovery\EWARM\STM32F407Discovery\Obj\APP_MotorDriver.o
#        D:\Hh\Telepresency\STM32F407Discovery\EWARM\STM32F407Discovery\Obj\APP_STM.o
#        D:\Hh\Telepresency\STM32F407Discovery\EWARM\STM32F407Discovery\Obj\CDL_Printf.o
#        D:\Hh\Telepresency\STM32F407Discovery\EWARM\STM32F407Discovery\Obj\CDL_PWM.o
#        D:\Hh\Telepresency\STM32F407Discovery\EWARM\STM32F407Discovery\Obj\cmsis_os.o
#        D:\Hh\Telepresency\STM32F407Discovery\EWARM\STM32F407Discovery\Obj\croutine.o
#        D:\Hh\Telepresency\STM32F407Discovery\EWARM\STM32F407Discovery\Obj\event_groups.o
#        D:\Hh\Telepresency\STM32F407Discovery\EWARM\STM32F407Discovery\Obj\freertos.o
#        D:\Hh\Telepresency\STM32F407Discovery\EWARM\STM32F407Discovery\Obj\heap_4.o
#        D:\Hh\Telepresency\STM32F407Discovery\EWARM\STM32F407Discovery\Obj\list.o
#        D:\Hh\Telepresency\STM32F407Discovery\EWARM\STM32F407Discovery\Obj\main.o
#        D:\Hh\Telepresency\STM32F407Discovery\EWARM\STM32F407Discovery\Obj\port.o
#        D:\Hh\Telepresency\STM32F407Discovery\EWARM\STM32F407Discovery\Obj\portasm.o
#        D:\Hh\Telepresency\STM32F407Discovery\EWARM\STM32F407Discovery\Obj\queue.o
#        D:\Hh\Telepresency\STM32F407Discovery\EWARM\STM32F407Discovery\Obj\startup_stm32f407xx.o
#        D:\Hh\Telepresency\STM32F407Discovery\EWARM\STM32F407Discovery\Obj\stm32f4xx_hal.o
#        D:\Hh\Telepresency\STM32F407Discovery\EWARM\STM32F407Discovery\Obj\stm32f4xx_hal_cortex.o
#        D:\Hh\Telepresency\STM32F407Discovery\EWARM\STM32F407Discovery\Obj\stm32f4xx_hal_dma.o
#        D:\Hh\Telepresency\STM32F407Discovery\EWARM\STM32F407Discovery\Obj\stm32f4xx_hal_dma_ex.o
#        D:\Hh\Telepresency\STM32F407Discovery\EWARM\STM32F407Discovery\Obj\stm32f4xx_hal_flash.o
#        D:\Hh\Telepresency\STM32F407Discovery\EWARM\STM32F407Discovery\Obj\stm32f4xx_hal_flash_ex.o
#        D:\Hh\Telepresency\STM32F407Discovery\EWARM\STM32F407Discovery\Obj\stm32f4xx_hal_flash_ramfunc.o
#        D:\Hh\Telepresency\STM32F407Discovery\EWARM\STM32F407Discovery\Obj\stm32f4xx_hal_gpio.o
#        D:\Hh\Telepresency\STM32F407Discovery\EWARM\STM32F407Discovery\Obj\stm32f4xx_hal_i2c.o
#        D:\Hh\Telepresency\STM32F407Discovery\EWARM\STM32F407Discovery\Obj\stm32f4xx_hal_i2c_ex.o
#        D:\Hh\Telepresency\STM32F407Discovery\EWARM\STM32F407Discovery\Obj\stm32f4xx_hal_msp.o
#        D:\Hh\Telepresency\STM32F407Discovery\EWARM\STM32F407Discovery\Obj\stm32f4xx_hal_pwr.o
#        D:\Hh\Telepresency\STM32F407Discovery\EWARM\STM32F407Discovery\Obj\stm32f4xx_hal_pwr_ex.o
#        D:\Hh\Telepresency\STM32F407Discovery\EWARM\STM32F407Discovery\Obj\stm32f4xx_hal_rcc.o
#        D:\Hh\Telepresency\STM32F407Discovery\EWARM\STM32F407Discovery\Obj\stm32f4xx_hal_rcc_ex.o
#        D:\Hh\Telepresency\STM32F407Discovery\EWARM\STM32F407Discovery\Obj\stm32f4xx_hal_rtc.o
#        D:\Hh\Telepresency\STM32F407Discovery\EWARM\STM32F407Discovery\Obj\stm32f4xx_hal_rtc_ex.o
#        D:\Hh\Telepresency\STM32F407Discovery\EWARM\STM32F407Discovery\Obj\stm32f4xx_hal_tim.o
#        D:\Hh\Telepresency\STM32F407Discovery\EWARM\STM32F407Discovery\Obj\stm32f4xx_hal_tim_ex.o
#        D:\Hh\Telepresency\STM32F407Discovery\EWARM\STM32F407Discovery\Obj\stm32f4xx_hal_uart.o
#        D:\Hh\Telepresency\STM32F407Discovery\EWARM\STM32F407Discovery\Obj\stm32f4xx_it.o
#        D:\Hh\Telepresency\STM32F407Discovery\EWARM\STM32F407Discovery\Obj\system_stm32f4xx.o
#        D:\Hh\Telepresency\STM32F407Discovery\EWARM\STM32F407Discovery\Obj\tasks.o
#        D:\Hh\Telepresency\STM32F407Discovery\EWARM\STM32F407Discovery\Obj\timers.o
#        --redirect _Printf=_PrintfFull --redirect _Scanf=_ScanfFull -o
#        D:\Hh\Telepresency\STM32F407Discovery\EWARM\STM32F407Discovery\Exe\STM32F407Discovery.out
#        --map
#        D:\Hh\Telepresency\STM32F407Discovery\EWARM\STM32F407Discovery\List\STM32F407Discovery.map
#        --config
#        D:\Hh\Telepresency\STM32F407Discovery\EWARM/stm32f407xx_flash.icf
#        --semihosting --entry __iar_program_start --vfe
#
###############################################################################

*******************************************************************************
*** RUNTIME MODEL ATTRIBUTES
***

CppFlavor                     = *
__Heap_Handler                = Basic
__SystemLibrary               = DLib
__dlib_dynamic_initialization = normal


*******************************************************************************
*** PLACEMENT SUMMARY
***

"A1":  place at 0x08000000 { ro section .intvec };
"P1":  place in [from 0x08000000 to 0x080fffff] { ro };
"P2":  place in [from 0x20000000 to 0x2001ffff] { rw, block CSTACK, block HEAP };

  Section             Kind        Address    Size  Object
  -------             ----        -------    ----  ------
"A1":                                       0x188
  .intvec             ro code  0x08000000   0x188  startup_stm32f407xx.o [1]
                             - 0x08000188   0x188

"P1":                                      0x6ffd
  .text               ro code  0x08000188  0x1166  xprintffull.o [3]
  .text               ro code  0x080012ee    0x20  xmbtowc.o [3]
  .text               ro code  0x08001310    0x16  strchr.o [5]
  .text               ro code  0x08001328    0x36  strlen.o [5]
  .text               ro code  0x08001360    0x58  memchr.o [5]
  .text               ro code  0x080013b8     0xa  xmbcurmax.o [3]
  .text               ro code  0x080013c4    0xb0  xxmemxmalloc.o [3]
  .text               ro code  0x08001474    0x1a  xwctomb.o [3]
  .text               ro code  0x08001490    0x76  ABImemcpy_unaligned.o [5]
  .text               ro code  0x08001508    0x80  xxmemxfree.o [3]
  .text               ro code  0x08001588    0xee  I64DivMod.o [5]
  .text               ro code  0x08001676    0x42  xdnorm.o [4]
  .text               ro code  0x080016b8    0x2e  DblCmpLe.o [4]
  .text               ro code  0x080016e8    0x2e  DblCmpGe.o [4]
  .text               ro code  0x08001718   0x114  xdscale.o [4]
  .text               ro code  0x0800182c    0x58  DblToI32.o [4]
  .text               ro code  0x08001884    0x30  I32ToDbl.o [4]
  .text               ro code  0x080018b4   0x180  DblSub.o [4]
  .text               ro code  0x08001a34   0x1a2  DblMul.o [4]
  .text               ro code  0x08001bd8   0x256  DblDiv.o [4]
  .text               ro code  0x08001e30    0x6c  localeconv.o [3]
  .text               ro code  0x08001e9c     0xe  div.o [3]
  .text               ro code  0x08001eac    0x14  setlocale.o [3]
  .text               ro code  0x08001ec0    0x60  xencoding_sb.o [3]
  .text               ro code  0x08001f20    0x2c  xgetmemchunk.o [3]
  .text               ro code  0x08001f4c     0x2  I64DivZer.o [5]
  .text               ro code  0x08001f50    0xe8  DblAdd.o [4]
  .text               ro code  0x08002038     0x2  xtls.o [3]
  .text               ro code  0x0800203c   0xbf8  APP_MotorDriver.o [1]
  .text               ro code  0x08002c34    0x7e  CDL_PWM.o [1]
  .text               ro code  0x08002cb4   0x240  cmsis_os.o [1]
  .text               ro code  0x08002ef4    0x88  CDL_Printf.o [1]
  .text               ro code  0x08002f7c   0x870  tasks.o [1]
  .text               ro code  0x080037ec   0x1e8  port.o [1]
  .text               ro code  0x080039d4    0x4e  FltToDbl.o [4]
  .text               ro code  0x08003a24    0x24  printf.o [3]
  .text               ro code  0x08003a48   0x462  xsin.o [4]
  .text               ro code  0x08003eac   0x3e0  stm32f4xx_hal_tim.o [1]
  .text               ro code  0x0800428c    0x8a  stm32f4xx_hal_tim_ex.o [1]
  .text               ro code  0x08004318   0x204  stm32f4xx_hal_gpio.o [1]
  .text               ro code  0x0800451c   0x348  timers.o [1]
  .text               ro code  0x08004864   0x684  queue.o [1]
  .text               ro code  0x08004ee8   0x57e  stm32f4xx_hal_uart.o [1]
  .text               ro code  0x08005466    0x8e  list.o [1]
  .text               ro code  0x080054f4   0x1ac  heap_4.o [1]
  .text               ro code  0x080056a0    0x3a  ABImemset48.o [5]
  CODE                ro code  0x080056dc    0xa8  portasm.o [1]
  .text               ro code  0x08005784     0xc  errno.o [3]
  .text               ro code  0x08005790   0x168  xquad.o [4]
  .text               ro code  0x080058f8    0xfc  stm32f4xx_hal_msp.o [1]
  .text               ro code  0x080059f4    0x6c  stm32f4xx_hal.o [1]
  .text               ro code  0x08005a60   0x434  stm32f4xx_hal_rcc.o [1]
  .text               ro code  0x08005e94    0x7a  xdint.o [4]
  .text               ro code  0x08005f10    0x20  DblCmpEq.o [4]
  .text               ro code  0x08005f30   0x1a8  fmod.o [4]
  .text               ro code  0x080060d8    0xe4  stm32f4xx_hal_cortex.o [1]
  .text               ro code  0x080061bc     0xc  iarEdom.o [5]
  .text               ro code  0x080061c8   0x4b0  main.o [1]
  .text               ro code  0x08006678    0xdc  stm32f4xx_hal_i2c.o [1]
  .text               ro code  0x08006754   0x2e4  APP_Console.o [1]
  .text               ro code  0x08006a38     0x6  ABImemclr4.o [5]
  .text               ro code  0x08006a3e    0x28  strncmp.o [3]
  .text               ro code  0x08006a68   0x150  APP_Console_TBL.o [1]
  .text               ro code  0x08006bb8   0x104  stm32f4xx_it.o [1]
  .rodata             const    0x08006cbc    0xd8  APP_Console_TBL.o [1]
  .text               ro code  0x08006d94    0x50  system_stm32f4xx.o [1]
  .text               ro code  0x08006de4    0x40  zero_init3.o [5]
  .text               ro code  0x08006e24    0x3c  APP_STM.o [1]
  .text               ro code  0x08006e60    0x38  packbits_init_single.o [5]
  .rodata             const    0x08006e98    0x30  main.o [1]
  .text               ro code  0x08006ec8    0x28  data_init.o [5]
  .text               ro code  0x08006ef0    0x22  fpinit_M.o [4]
  .iar.init_table     const    0x08006f14    0x20  - Linker created -
  .text               ro code  0x08006f34    0x1a  cmain.o [5]
  .text               ro code  0x08006f4e     0x4  low_level_init.o [3]
  .text               ro code  0x08006f52     0x4  exit.o [3]
  .text               ro code  0x08006f58     0xa  cexit.o [5]
  .text               ro code  0x08006f64    0x14  exit.o [6]
  .text               ro code  0x08006f78    0x16  xprout.o [3]
  .text               ro code  0x08006f90     0xc  putchar.o [3]
  .text               ro code  0x08006f9c    0x10  startup_stm32f407xx.o [1]
  .text               ro code  0x08006fac     0xc  cstartup_M.o [5]
  .text               ro code  0x08006fb8     0x4  startup_stm32f407xx.o [1]
  .text               ro code  0x08006fbc     0x4  startup_stm32f407xx.o [1]
  .text               ro code  0x08006fc0     0x4  startup_stm32f407xx.o [1]
  .text               ro code  0x08006fc4     0x4  startup_stm32f407xx.o [1]
  .text               ro code  0x08006fc8     0x4  startup_stm32f407xx.o [1]
  .text               ro code  0x08006fcc     0x4  startup_stm32f407xx.o [1]
  .text               ro code  0x08006fd0     0x4  startup_stm32f407xx.o [1]
  .text               ro code  0x08006fd4     0x4  startup_stm32f407xx.o [1]
  .text               ro code  0x08006fd8     0x4  startup_stm32f407xx.o [1]
  .text               ro code  0x08006fdc     0x4  startup_stm32f407xx.o [1]
  .text               ro code  0x08006fe0     0x4  startup_stm32f407xx.o [1]
  .text               ro code  0x08006fe4     0x4  startup_stm32f407xx.o [1]
  .text               ro code  0x08006fe8     0x4  startup_stm32f407xx.o [1]
  .text               ro code  0x08006fec     0x4  startup_stm32f407xx.o [1]
  .text               ro code  0x08006ff0     0x4  startup_stm32f407xx.o [1]
  .text               ro code  0x08006ff4     0x4  startup_stm32f407xx.o [1]
  .text               ro code  0x08006ff8     0x4  startup_stm32f407xx.o [1]
  .text               ro code  0x08006ffc     0x4  startup_stm32f407xx.o [1]
  .text               ro code  0x08007000     0x4  startup_stm32f407xx.o [1]
  .text               ro code  0x08007004     0x4  startup_stm32f407xx.o [1]
  .text               ro code  0x08007008     0x4  startup_stm32f407xx.o [1]
  .text               ro code  0x0800700c     0x4  startup_stm32f407xx.o [1]
  .text               ro code  0x08007010     0x4  startup_stm32f407xx.o [1]
  .text               ro code  0x08007014     0x4  startup_stm32f407xx.o [1]
  .text               ro code  0x08007018     0x4  startup_stm32f407xx.o [1]
  .text               ro code  0x0800701c     0x4  startup_stm32f407xx.o [1]
  .text               ro code  0x08007020     0x4  startup_stm32f407xx.o [1]
  .text               ro code  0x08007024     0x4  startup_stm32f407xx.o [1]
  .text               ro code  0x08007028     0x4  startup_stm32f407xx.o [1]
  .text               ro code  0x0800702c     0x4  startup_stm32f407xx.o [1]
  .text               ro code  0x08007030     0x4  startup_stm32f407xx.o [1]
  .text               ro code  0x08007034     0x4  startup_stm32f407xx.o [1]
  .text               ro code  0x08007038     0x4  startup_stm32f407xx.o [1]
  .text               ro code  0x0800703c     0x4  startup_stm32f407xx.o [1]
  .text               ro code  0x08007040     0x4  startup_stm32f407xx.o [1]
  .text               ro code  0x08007044     0x4  startup_stm32f407xx.o [1]
  .text               ro code  0x08007048     0x4  startup_stm32f407xx.o [1]
  .text               ro code  0x0800704c     0x4  startup_stm32f407xx.o [1]
  .text               ro code  0x08007050     0x4  startup_stm32f407xx.o [1]
  .text               ro code  0x08007054     0x4  startup_stm32f407xx.o [1]
  .text               ro code  0x08007058     0x4  startup_stm32f407xx.o [1]
  .text               ro code  0x0800705c     0x4  startup_stm32f407xx.o [1]
  .text               ro code  0x08007060     0x4  startup_stm32f407xx.o [1]
  .text               ro code  0x08007064     0x4  startup_stm32f407xx.o [1]
  .text               ro code  0x08007068     0x4  startup_stm32f407xx.o [1]
  .text               ro code  0x0800706c     0x4  startup_stm32f407xx.o [1]
  .text               ro code  0x08007070     0x4  startup_stm32f407xx.o [1]
  .text               ro code  0x08007074     0x4  startup_stm32f407xx.o [1]
  .text               ro code  0x08007078     0x4  startup_stm32f407xx.o [1]
  .text               ro code  0x0800707c     0x4  startup_stm32f407xx.o [1]
  .text               ro code  0x08007080     0x4  startup_stm32f407xx.o [1]
  .text               ro code  0x08007084     0x4  startup_stm32f407xx.o [1]
  .text               ro code  0x08007088     0x4  startup_stm32f407xx.o [1]
  .text               ro code  0x0800708c     0x4  startup_stm32f407xx.o [1]
  .text               ro code  0x08007090     0x4  startup_stm32f407xx.o [1]
  .text               ro code  0x08007094     0x4  startup_stm32f407xx.o [1]
  .text               ro code  0x08007098     0x4  startup_stm32f407xx.o [1]
  .text               ro code  0x0800709c     0x4  startup_stm32f407xx.o [1]
  .text               ro code  0x080070a0     0x4  startup_stm32f407xx.o [1]
  .text               ro code  0x080070a4     0x4  startup_stm32f407xx.o [1]
  .text               ro code  0x080070a8     0x4  startup_stm32f407xx.o [1]
  .text               ro code  0x080070ac     0x4  startup_stm32f407xx.o [1]
  .text               ro code  0x080070b0     0x4  startup_stm32f407xx.o [1]
  .text               ro code  0x080070b4     0x4  startup_stm32f407xx.o [1]
  .text               ro code  0x080070b8     0x4  startup_stm32f407xx.o [1]
  .text               ro code  0x080070bc     0x4  startup_stm32f407xx.o [1]
  .text               ro code  0x080070c0     0x4  startup_stm32f407xx.o [1]
  .text               ro code  0x080070c4     0x4  startup_stm32f407xx.o [1]
  .text               ro code  0x080070c8     0x4  startup_stm32f407xx.o [1]
  .text               ro code  0x080070cc     0x4  startup_stm32f407xx.o [1]
  .text               ro code  0x080070d0     0x4  startup_stm32f407xx.o [1]
  .text               ro code  0x080070d4     0x4  startup_stm32f407xx.o [1]
  .text               ro code  0x080070d8     0x4  startup_stm32f407xx.o [1]
  .text               ro code  0x080070dc     0x4  startup_stm32f407xx.o [1]
  .text               ro code  0x080070e0     0x4  startup_stm32f407xx.o [1]
  .text               ro code  0x080070e4     0x4  startup_stm32f407xx.o [1]
  .text               ro code  0x080070e8     0x4  startup_stm32f407xx.o [1]
  .text               ro code  0x080070ec     0x4  startup_stm32f407xx.o [1]
  .text               ro code  0x080070f0     0x4  startup_stm32f407xx.o [1]
  .text               ro code  0x080070f4     0x4  startup_stm32f407xx.o [1]
  .text               ro code  0x080070f8     0x4  startup_stm32f407xx.o [1]
  .text               ro code  0x080070fc     0x4  startup_stm32f407xx.o [1]
  .text               ro code  0x08007100     0x4  startup_stm32f407xx.o [1]
  .text               ro code  0x08007104     0x4  startup_stm32f407xx.o [1]
  .rodata             const    0x08007108     0x0  zero_init3.o [5]
  .rodata             const    0x08007108     0x0  packbits_init_single.o [5]
  Initializer bytes   const    0x08007108    0x7d  <for P2-1>
                             - 0x08007185  0x6ffd

"P2", part 1 of 3:                          0x2d8
  P2-1                         0x20000000   0x2d8  <Init block>
    .data             inited   0x20000000    0x48  APP_MotorDriver.o [1]
    .data             inited   0x20000048    0x20  APP_Console_TBL.o [1]
    .data             inited   0x20000068    0x84  APP_MotorDriver.o [1]
    .data             inited   0x200000ec     0xc  port.o [1]
    .data             inited   0x200000f8     0x4  system_stm32f4xx.o [1]
    .data             inited   0x200000fc    0x9c  tasks.o [1]
    .data             inited   0x20000198    0x40  xfiles.o [3]
    __DLIB_PERTHREAD  inited   0x200001d8     0x4  errno.o [3]
    __DLIB_PERTHREAD  inited   0x200001dc    0x88  localeconv.o [3]
    __DLIB_PERTHREAD  inited   0x20000264    0x74  setlocale.o [3]
                             - 0x200002d8   0x2d8

"P2", part 2 of 3:                          0x600
  CSTACK                       0x200002d8   0x200  <Block>
    CSTACK            uninit   0x200002d8   0x200  <Block tail>
  HEAP                         0x200004d8   0x400  <Block>
    HEAP              uninit   0x200004d8   0x400  <Block tail>
                             - 0x200008d8   0x600

"P2", part 3 of 3:                         0x3ee4
  .bss                zero     0x200008d8  0x3c18  heap_4.o [1]
  .bss                zero     0x200044f0    0x90  main.o [1]
  .bss                zero     0x20004580    0x8c  tasks.o [1]
  .bss                zero     0x2000460c    0x50  xfiles.o [3]
  .bss                zero     0x2000465c    0x4c  APP_MotorDriver.o [1]
  .bss                zero     0x200046a8    0x40  queue.o [1]
  .bss                zero     0x200046e8    0x3c  APP_MotorDriver.o [1]
  .bss                zero     0x20004724    0x38  timers.o [1]
  .bss                zero     0x2000475c    0x24  APP_Console.o [1]
  .bss                zero     0x20004780    0x10  main.o [1]
  .bss                zero     0x20004790     0xa  APP_STM.o [1]
  .bss                zero     0x2000479c     0x8  xxmemxmalloc.o [3]
  .bss                zero     0x200047a4     0x4  APP_Console.o [1]
  .bss                zero     0x200047a8     0x4  APP_MotorDriver.o [1]
  .bss                zero     0x200047ac     0x4  stm32f4xx_hal.o [1]
  .bss                zero     0x200047b0     0x4  stm32f4xx_it.o [1]
  .bss                zero     0x200047b4     0x4  stm32f4xx_it.o [1]
  .bss                zero     0x200047b8     0x4  xgetmemchunk.o [3]
                             - 0x200047bc  0x3ee4


*******************************************************************************
*** INIT TABLE
***

          Address     Size
          -------     ----
Zero (__iar_zero_init3)
    1 destination range, total size 0x3ee4:
          0x200008d8  0x3ee4

Copy/packbits (__iar_packbits_init_single3)
    1 source range, total size 0x7d (17% of destination):
          0x08007108    0x7d
    1 destination range, total size 0x2d8:
          0x20000000   0x2d8



*******************************************************************************
*** MODULE SUMMARY
***

    Module                  ro code  ro data  rw data
    ------                  -------  -------  -------
D:\Hh\Telepresency\STM32F407Discovery\EWARM\STM32F407Discovery\Obj: [1]
    APP_Console.o               740                40
    APP_Console_TBL.o           336      221       32
    APP_MotorDriver.o         3 064       35      344
    APP_STM.o                    60                10
    CDL_PWM.o                   126
    CDL_Printf.o                136
    cmsis_os.o                  576
    heap_4.o                    428            15 384
    list.o                      142
    main.o                    1 200       48      160
    port.o                      488        2       12
    portasm.o                   168
    queue.o                   1 668                64
    startup_stm32f407xx.o       744
    stm32f4xx_hal.o             108                 4
    stm32f4xx_hal_cortex.o      228
    stm32f4xx_hal_gpio.o        516
    stm32f4xx_hal_i2c.o         220
    stm32f4xx_hal_msp.o         252
    stm32f4xx_hal_rcc.o       1 076
    stm32f4xx_hal_tim.o         992
    stm32f4xx_hal_tim_ex.o      138
    stm32f4xx_hal_uart.o      1 406
    stm32f4xx_it.o              260                 8
    system_stm32f4xx.o           80        1        4
    tasks.o                   2 160       27      296
    timers.o                    840                56
    -------------------------------------------------
    Total:                   18 152      334   16 414

command line: [2]
    -------------------------------------------------
    Total:

dl7M_tlf.a: [3]
    div.o                        14
    errno.o                      12                 4
    exit.o                        4
    localeconv.o                108       24      136
    low_level_init.o              4
    printf.o                     36
    putchar.o                    12
    setlocale.o                  20       20      116
    strncmp.o                    40
    xencoding_sb.o               96
    xfiles.o                              11      144
    xgetmemchunk.o               44                 4
    xmbcurmax.o                  10
    xmbtowc.o                    32
    xprintffull.o             4 454
    xprout.o                     22
    xtls.o                        2
    xwctomb.o                    26
    xxmemxfree.o                128
    xxmemxmalloc.o              176                 8
    -------------------------------------------------
    Total:                    5 240       55      412

m7M_tls.a: [4]
    DblAdd.o                    232
    DblCmpEq.o                   32
    DblCmpGe.o                   46
    DblCmpLe.o                   46
    DblDiv.o                    598
    DblMul.o                    418
    DblSub.o                    384
    DblToI32.o                   88
    FltToDbl.o                   78
    I32ToDbl.o                   48
    fmod.o                      424
    fpinit_M.o                   34
    xdint.o                     122
    xdnorm.o                     66
    xdscale.o                   276
    xquad.o                     360
    xsin.o                    1 122
    -------------------------------------------------
    Total:                    4 374

rt7M_tl.a: [5]
    ABImemclr4.o                  6
    ABImemcpy_unaligned.o       118
    ABImemset48.o                58
    I64DivMod.o                 238
    I64DivZer.o                   2
    cexit.o                      10
    cmain.o                      26
    cstartup_M.o                 12
    data_init.o                  40
    iarEdom.o                    12
    memchr.o                     88
    packbits_init_single.o       56
    strchr.o                     22
    strlen.o                     54
    zero_init3.o                 64
    -------------------------------------------------
    Total:                      806

shb_l.a: [6]
    exit.o                       20
    -------------------------------------------------
    Total:                       20

    Gaps                         46        2        2
    Linker created                        32    1 536
-----------------------------------------------------
    Grand Total:             28 638      423   18 364


*******************************************************************************
*** ENTRY LIST
***

Entry                      Address    Size  Type      Object
-----                      -------    ----  ----      ------
.iar.init_table$$Base   0x08006f14           --   Gb  - Linker created -
.iar.init_table$$Limit  0x08006f34           --   Gb  - Linker created -
?main                   0x08006f35          Code  Gb  cmain.o [5]
APBAHBPrescTable        0x08005e84    0x10  Data  Gb  stm32f4xx_hal_rcc.o [1]
CSTACK$$Base            0x200002d8           --   Gb  - Linker created -
CSTACK$$Limit           0x200004d8           --   Gb  - Linker created -
ConsoleTaskHandle       0x20004574     0x4  Data  Gb  main.o [1]
EXTI15_10_IRQHandler    0x08006c5d    0x36  Code  Gb  stm32f4xx_it.o [1]
EXTI9_5_IRQHandler      0x08006bc7    0x7c  Code  Gb  stm32f4xx_it.o [1]
EncoderCallback         0x080022f9    0xc6  Code  Gb  APP_MotorDriver.o [1]
GetWords                0x080068cd    0x58  Code  Gb  APP_Console.o [1]
HAL_GPIO_Init           0x08004319   0x1c0  Code  Gb  stm32f4xx_hal_gpio.o [1]
HAL_GPIO_ReadPin        0x080044d9     0xc  Code  Gb  stm32f4xx_hal_gpio.o [1]
HAL_GPIO_WritePin       0x080044e5     0x8  Code  Gb  stm32f4xx_hal_gpio.o [1]
HAL_GetTick             0x08005a53     0x6  Code  Wk  stm32f4xx_hal.o [1]
HAL_I2C_Init            0x08006679    0xc4  Code  Gb  stm32f4xx_hal_i2c.o [1]
HAL_I2C_MspInit         0x08005911    0x44  Code  Gb  stm32f4xx_hal_msp.o [1]
HAL_IncTick             0x08005a49     0xa  Code  Wk  stm32f4xx_hal.o [1]
HAL_Init                0x080059f5    0x30  Code  Gb  stm32f4xx_hal.o [1]
HAL_InitTick            0x08005a25    0x24  Code  Wk  stm32f4xx_hal.o [1]
HAL_MspInit             0x080058f9    0x18  Code  Gb  stm32f4xx_hal_msp.o [1]
HAL_NVIC_DisableIRQ     0x08006153     0xa  Code  Gb  stm32f4xx_hal_cortex.o [1]
HAL_NVIC_EnableIRQ      0x08006147     0xc  Code  Gb  stm32f4xx_hal_cortex.o [1]
HAL_NVIC_SetPriority    0x0800610d    0x3a  Code  Gb  stm32f4xx_hal_cortex.o [1]
HAL_NVIC_SetPriorityGrouping
                        0x080060f3    0x1a  Code  Gb  stm32f4xx_hal_cortex.o [1]
HAL_RCC_ClockConfig     0x08005cab   0x10e  Code  Gb  stm32f4xx_hal_rcc.o [1]
HAL_RCC_GetHCLKFreq     0x08005e0d    0x1e  Code  Gb  stm32f4xx_hal_rcc.o [1]
HAL_RCC_GetPCLK1Freq    0x08005e2b    0x10  Code  Gb  stm32f4xx_hal_rcc.o [1]
HAL_RCC_GetPCLK2Freq    0x08005e3b     0xe  Code  Gb  stm32f4xx_hal_rcc.o [1]
HAL_RCC_GetSysClockFreq
                        0x08005dc7    0x46  Code  Wk  stm32f4xx_hal_rcc.o [1]
HAL_RCC_OscConfig       0x08005a61   0x242  Code  Wk  stm32f4xx_hal_rcc.o [1]
HAL_SYSTICK_CLKSourceConfig
                        0x0800618d    0x14  Code  Gb  stm32f4xx_hal_cortex.o [1]
HAL_SYSTICK_Config      0x08006165    0x28  Code  Gb  stm32f4xx_hal_cortex.o [1]
HAL_TIMEx_ConfigBreakDeadTime
                        0x080042d7    0x40  Code  Gb  stm32f4xx_hal_tim_ex.o [1]
HAL_TIMEx_MasterConfigSynchronization
                        0x0800428d    0x4a  Code  Gb  stm32f4xx_hal_tim_ex.o [1]
HAL_TIM_PWM_ConfigChannel
                        0x08003f95    0xb8  Code  Gb  stm32f4xx_hal_tim.o [1]
HAL_TIM_PWM_Init        0x08003ed7    0x1a  Code  Gb  stm32f4xx_hal_tim.o [1]
HAL_TIM_PWM_MspInit     0x08005955    0x26  Code  Gb  stm32f4xx_hal_msp.o [1]
HAL_TIM_PWM_Start       0x08003ef9    0x14  Code  Gb  stm32f4xx_hal_tim.o [1]
HAL_TIM_PWM_Stop        0x08003f17    0x32  Code  Gb  stm32f4xx_hal_tim.o [1]
HAL_UART_ErrorCallback  0x080051bb     0x2  Code  Wk  stm32f4xx_hal_uart.o [1]
HAL_UART_IRQHandler     0x0800508f   0x128  Code  Gb  stm32f4xx_hal_uart.o [1]
HAL_UART_Init           0x08004ee9    0x28  Code  Gb  stm32f4xx_hal_uart.o [1]
HAL_UART_MspInit        0x0800597b    0x52  Code  Gb  stm32f4xx_hal_msp.o [1]
HAL_UART_Receive        0x08004fe7    0x9a  Code  Gb  stm32f4xx_hal_uart.o [1]
HAL_UART_RxCpltCallback
                        0x080051b9     0x2  Code  Wk  stm32f4xx_hal_uart.o [1]
HAL_UART_Transmit       0x08004f57    0x90  Code  Gb  stm32f4xx_hal_uart.o [1]
HAL_UART_TxCpltCallback
                        0x080051b7     0x2  Code  Wk  stm32f4xx_hal_uart.o [1]
HEAP$$Base              0x200004d8           --   Gb  - Linker created -
HEAP$$Limit             0x200008d8           --   Gb  - Linker created -
Heading                 0x20000010     0x8  Data  Lc  APP_MotorDriver.o [1]
ID_SEM_POS_CTRL         0x2000457c     0x4  Data  Gb  main.o [1]
ID_SEM_PRINTF           0x20004578     0x4  Data  Gb  main.o [1]
Kd_l                    0x200000b8     0x4  Data  Lc  APP_MotorDriver.o [1]
Kd_r                    0x200000c4     0x4  Data  Lc  APP_MotorDriver.o [1]
Ki_l                    0x200000b4     0x4  Data  Lc  APP_MotorDriver.o [1]
Ki_r                    0x200000c0     0x4  Data  Lc  APP_MotorDriver.o [1]
Kp_l                    0x200000b0     0x4  Data  Lc  APP_MotorDriver.o [1]
Kp_r                    0x200000bc     0x4  Data  Lc  APP_MotorDriver.o [1]
LoadInt                 0x080007d7    0x6e  Code  Lc  xprintffull.o [3]
LookUpCmd               0x080067ed    0x46  Code  Gb  APP_Console.o [1]
MX_GPIO_Init            0x08006333   0x190  Code  Lc  main.o [1]
MotorDriveTaskHandle    0x2000478c     0x4  Data  Gb  main.o [1]
NVIC_SetPriority        0x080060d9    0x1a  Code  Lc  stm32f4xx_hal_cortex.o [1]
Omega                   0x20000028     0x8  Data  Lc  APP_MotorDriver.o [1]
PendSV_Handler          0x080056dd          Code  Gb  portasm.o [1]
Region$$Table$$Base     0x08006f14           --   Gb  - Linker created -
Region$$Table$$Limit    0x08006f34           --   Gb  - Linker created -
STMTaskHandle           0x20004788     0x4  Data  Gb  main.o [1]
SVC_Handler             0x08005735          Code  Gb  portasm.o [1]
StartDefaultTask        0x08006529    0xa8  Code  Gb  main.o [1]
SysTick_Handler         0x08006bb9     0xe  Code  Gb  stm32f4xx_it.o [1]
SystemClock_Config      0x0800628f    0xa4  Code  Gb  main.o [1]
SystemCoreClock         0x200000f8     0x4  Data  Gb  system_stm32f4xx.o [1]
SystemInit              0x08006d95    0x3a  Code  Gb  system_stm32f4xx.o [1]
TIM_Base_SetConfig      0x0800406d    0x90  Code  Gb  stm32f4xx_hal_tim.o [1]
TIM_CCxChannelCmd       0x08004151    0x18  Code  Gb  stm32f4xx_hal_tim.o [1]
TIM_OC1_SetConfig       0x08004169    0x4a  Code  Lc  stm32f4xx_hal_tim.o [1]
TIM_OC2_SetConfig       0x080040ff    0x52  Code  Gb  stm32f4xx_hal_tim.o [1]
TIM_OC3_SetConfig       0x080041bf    0x56  Code  Lc  stm32f4xx_hal_tim.o [1]
TIM_OC4_SetConfig       0x0800421b    0x46  Code  Lc  stm32f4xx_hal_tim.o [1]
UART_Receive_IT         0x08005259    0x90  Code  Lc  stm32f4xx_hal_uart.o [1]
UART_SendData           0x08002f75     0x8  Code  Gb  CDL_Printf.o [1]
UART_SetConfig          0x080052e9   0x13a  Code  Lc  stm32f4xx_hal_uart.o [1]
UART_WaitOnFlagUntilTimeout
                        0x080051bd    0x8c  Code  Lc  stm32f4xx_hal_uart.o [1]
USART2_IRQHandler       0x08006c57     0x6  Code  Gb  stm32f4xx_it.o [1]
V                       0x20000030     0x8  Data  Lc  APP_MotorDriver.o [1]
X                       0x20000018     0x8  Data  Lc  APP_MotorDriver.o [1]
Y                       0x20000020     0x8  Data  Lc  APP_MotorDriver.o [1]
_EncodingSb_Mbtowc      0x08001edb    0x30  Code  Gb  xencoding_sb.o [3]
_EncodingSb_Wctomb      0x08001ec1    0x1a  Code  Gb  xencoding_sb.o [3]
_GenldFull              0x0800105b   0x24c  Code  Lc  xprintffull.o [3]
_IsdstStr               0x20000268     0x4  Data  Gb  setlocale.o [3]
_LdtobFull              0x08000c59   0x3fc  Code  Lc  xprintffull.o [3]
_LitobFull              0x08000b51   0x106  Code  Lc  xprintffull.o [3]
_LocaleEncoding         0x08001ead     0xe  Code  Gb  setlocale.o [3]
_LocaleReturnString     0x20000288    0x50  Data  Lc  setlocale.o [3]
_Locale_Profile         0x2000026c    0x1c  Data  Gb  setlocale.o [3]
_Locale_aeabi_lconv     0x2000022c    0x38  Data  Gb  localeconv.o [3]
_Locale_lconv           0x200001dc    0x50  Data  Gb  localeconv.o [3]
_Mbtowc                 0x080012ef    0x20  Code  Gb  xmbtowc.o [3]
_PrintfFull             0x08000189   0x638  Code  Gb  xprintffull.o [3]
_Prout                  0x08006f79    0x16  Code  Gb  xprout.o [3]
_PutcharsFull           0x080012a7    0x2e  Code  Lc  xprintffull.o [3]
_PutstrFull             0x08000845   0x306  Code  Lc  xprintffull.o [3]
_TzoneStr               0x20000264     0x4  Data  Gb  setlocale.o [3]
_Wctomb                 0x08001475    0x1a  Code  Gb  xwctomb.o [3]
__aeabi_cdcmpeq         0x08005f11          Code  Gb  DblCmpEq.o [4]
__aeabi_cdcmple         0x080016b9          Code  Gb  DblCmpLe.o [4]
__aeabi_cdrcmple        0x080016e9          Code  Gb  DblCmpGe.o [4]
__aeabi_d2iz            0x0800182d          Code  Gb  DblToI32.o [4]
__aeabi_d2uiz           0x08001859          Code  Gb  DblToI32.o [4]
__aeabi_dadd            0x08001f51          Code  Gb  DblAdd.o [4]
__aeabi_ddiv            0x08001bd9          Code  Gb  DblDiv.o [4]
__aeabi_dmul            0x08001a35          Code  Gb  DblMul.o [4]
__aeabi_dsub            0x080018b5          Code  Gb  DblSub.o [4]
__aeabi_errno_addr      0x08005785     0x6  Code  Gb  errno.o [3]
__aeabi_f2d             0x080039d5          Code  Gb  FltToDbl.o [4]
__aeabi_i2d             0x08001885          Code  Gb  I32ToDbl.o [4]
__aeabi_ldiv0           0x08001f4d          Code  Gb  I64DivZer.o [5]
__aeabi_memclr4         0x08006a39          Code  Gb  ABImemclr4.o [5]
__aeabi_memset4         0x080056a1          Code  Gb  ABImemset48.o [5]
__aeabi_memset8         0x080056a1          Code  Gb  ABImemset48.o [5]
__aeabi_ui2d            0x08001899          Code  Gb  I32ToDbl.o [4]
__aeabi_uldivmod        0x08001589          Code  Gb  I64DivMod.o [5]
__cmain                 0x08006f35          Code  Gb  cmain.o [5]
__data_Aldata           0x2000479c     0x8  Data  Gb  xxmemxmalloc.o [3]
__data_GetMemChunk      0x08001f21    0x2c  Code  Gb  xgetmemchunk.o [3]
__exit                  0x08006f65    0x14  Code  Gb  exit.o [6]
__iar_Dint              0x08005e95    0x7a  Code  Gb  xdint.o [4]
__iar_Dnorm             0x08001677    0x42  Code  Gb  xdnorm.o [4]
__iar_Dscale            0x08001719   0x114  Code  Gb  xdscale.o [4]
__iar_Errno             0x200001d8     0x4  Data  Gb  errno.o [3]
__iar_Locale_lconv_init
                        0x08001e31    0x3a  Code  Gb  localeconv.o [3]
__iar_Mbcurmax          0x080013b9     0xa  Code  Gb  xmbcurmax.o [3]
__iar_Memchr            0x08001361          Code  Gb  memchr.o [5]
__iar_Memset4_word      0x080056a9          Code  Gb  ABImemset48.o [5]
__iar_Memset8_word      0x080056a9          Code  Gb  ABImemset48.o [5]
__iar_Quad              0x08005791   0x12c  Code  Gb  xquad.o [4]
__iar_Sin               0x08003a49   0x3b2  Code  Gb  xsin.o [4]
__iar_Stdout            0x20000198    0x40  Data  Gb  xfiles.o [3]
__iar_Strchr            0x08001311          Code  Gb  strchr.o [5]
__iar_d2uiz             0x08001865          Code  Gb  DblToI32.o [4]
__iar_dadd              0x08001f65          Code  Gb  DblAdd.o [4]
__iar_data_init3        0x08006ec9    0x28  Code  Gb  data_init.o [5]
__iar_dlib_perthread_access
                        0x08002039     0x2  Code  Gb  xtls.o [3]
__iar_dsub              0x080018c9          Code  Gb  DblSub.o [4]
__iar_dsubStart         0x080018db          Code  Gb  DblSub.o [4]
__iar_edom              0x080061bd          Code  Gb  iarEdom.o [5]
__iar_fmod              0x08005f31          Code  Gb  fmod.o [4]
__iar_fmodl             0x08005f31          Code  Gb  fmod.o [4]
__iar_init_vfp          0x08006ef1          Code  Gb  fpinit_M.o [4]
__iar_packbits_init_single3
                        0x08006e61    0x38  Code  Gb  packbits_init_single.o [5]
__iar_program_start     0x08006fad          Code  Gb  cstartup_M.o [5]
__iar_ui2d              0x0800189d          Code  Gb  I32ToDbl.o [4]
__iar_unaligned___aeabi_memcpy
                        0x08001491          Code  Gb  ABImemcpy_unaligned.o [5]
__iar_unaligned___aeabi_memcpy4
                        0x080014b1          Code  Gb  ABImemcpy_unaligned.o [5]
__iar_unaligned___aeabi_memcpy8
                        0x080014b1          Code  Gb  ABImemcpy_unaligned.o [5]
__iar_vfp___iar_Sin     0x08003e99    0x12  Code  Gb  xsin.o [4]
__iar_zero_init3        0x08006de5    0x40  Code  Gb  zero_init3.o [5]
__low_level_init        0x08006f4f     0x4  Code  Gb  low_level_init.o [3]
__vector_table          0x08000000          Data  Gb  startup_stm32f407xx.o [1]
_call_main              0x08006f41          Code  Gb  cmain.o [5]
_exit                   0x08006f59          Code  Gb  cexit.o [5]
_main                   0x08006f4b          Code  Gb  cmain.o [5]
aCmdTbl                 0x20000048    0x20  Data  Gb  APP_Console_TBL.o [1]
aCmd_ang                0x08006d64    0x18  Data  Gb  APP_Console_TBL.o [1]
aCmd_dis                0x08006d4c    0x18  Data  Gb  APP_Console_TBL.o [1]
aCmd_getodom            0x08006d7c    0x18  Data  Gb  APP_Console_TBL.o [1]
aCmd_getspeed           0x08006d34    0x18  Data  Gb  APP_Console_TBL.o [1]
aCmd_pwr                0x08006cec    0x18  Data  Gb  APP_Console_TBL.o [1]
aCmd_speed              0x08006d04    0x18  Data  Gb  APP_Console_TBL.o [1]
aCmd_start              0x08006d1c    0x18  Data  Gb  APP_Console_TBL.o [1]
abd_speedL              0x2000008c     0x4  Data  Lc  APP_MotorDriver.o [1]
abd_speedLCalc          0x20000088     0x4  Data  Lc  APP_MotorDriver.o [1]
abd_speedR              0x20000090     0x4  Data  Lc  APP_MotorDriver.o [1]
abd_speedRCalc          0x200047a8     0x4  Data  Lc  APP_MotorDriver.o [1]
abd_ticksL              0x200047b0     0x4  Data  Gb  stm32f4xx_it.o [1]
abd_ticksR              0x200047b4     0x4  Data  Gb  stm32f4xx_it.o [1]
app_CMDShell_Task       0x08006755    0x1c  Code  Gb  APP_Console.o [1]
app_Console_Execute     0x08006925    0xe8  Code  Gb  APP_Console.o [1]
app_Console_HDLR        0x08006771    0x7c  Code  Gb  APP_Console.o [1]
atod                    0x08006899    0x34  Code  Gb  APP_Console.o [1]
atohi                   0x08006849    0x50  Code  Gb  APP_Console.o [1]
cdl_PWM_Init            0x08002c35    0x64  Code  Gb  CDL_PWM.o [1]
cdl_PWM_Level           0x08002c9d     0x8  Code  Gb  CDL_PWM.o [1]
cdl_PWM_Switch          0x08002ca5     0xe  Code  Gb  CDL_PWM.o [1]
cdl_Printf              0x08002ef5    0x1e  Code  Gb  CDL_Printf.o [1]
cdl_Putc                0x08002f13     0xc  Code  Gb  CDL_Printf.o [1]
cdl_Puts                0x08002f1f    0x24  Code  Gb  CDL_Printf.o [1]
ckeck_pwr               0x200000a4     0x4  Data  Lc  APP_MotorDriver.o [1]
cmd_angle               0x08006ad9    0x14  Code  Gb  APP_Console_TBL.o [1]
cmd_ckeck_pwr           0x08006a69    0x20  Code  Gb  APP_Console_TBL.o [1]
cmd_distance            0x08006ac1    0x18  Code  Gb  APP_Console_TBL.o [1]
cmd_getodom             0x08006aed    0x54  Code  Gb  APP_Console_TBL.o [1]
cmd_getspeed            0x08006a99    0x28  Code  Gb  APP_Console_TBL.o [1]
cmd_speed               0x08006a89     0x4  Code  Gb  APP_Console_TBL.o [1]
cmd_start               0x08006a8d     0x8  Code  Gb  APP_Console_TBL.o [1]
d                       0x20004792     0x2  Data  Gb  APP_STM.o [1]
defaultTaskHandle       0x20004784     0x4  Data  Gb  main.o [1]
div                     0x08001e9d     0xe  Code  Gb  div.o [3]
driveL                  0x200000a8     0x4  Data  Lc  APP_MotorDriver.o [1]
driveR                  0x200000ac     0x4  Data  Lc  APP_MotorDriver.o [1]
drive_angle             0x08002709    0xae  Code  Gb  APP_MotorDriver.o [1]
drive_distance          0x080027c9    0x4e  Code  Gb  APP_MotorDriver.o [1]
drive_getCHKPWR         0x08002b43     0x6  Code  Gb  APP_MotorDriver.o [1]
drive_getDrive          0x08002b37     0xc  Code  Gb  APP_MotorDriver.o [1]
drive_getSpeedCalc      0x08002b15    0x22  Code  Gb  APP_MotorDriver.o [1]
drive_getTicks          0x08002b07     0xe  Code  Gb  APP_MotorDriver.o [1]
drive_get_odom_info     0x08002b49    0x30  Code  Gb  APP_MotorDriver.o [1]
drive_init              0x0800203d    0x78  Code  Gb  APP_MotorDriver.o [1]
drive_position_control  0x080023d1   0x21a  Code  Gb  APP_MotorDriver.o [1]
drive_setPosPID         0x0800264d    0x4c  Code  Gb  APP_MotorDriver.o [1]
drive_setSpeedPID       0x080025f9    0x52  Code  Gb  APP_MotorDriver.o [1]
drive_speed             0x08002699    0x38  Code  Gb  APP_MotorDriver.o [1]
drive_state             0x20000068     0x1  Data  Lc  APP_MotorDriver.o [1]
drive_ticks             0x08002817    0xf6  Code  Gb  APP_MotorDriver.o [1]
drive_update_odom       0x08002939   0x1a2  Code  Gb  APP_MotorDriver.o [1]
exit                    0x08006f53     0x4  Code  Gb  exit.o [3]
fmod                    0x08005f31          Code  Gb  fmod.o [4]
fmodl                   0x08005f31          Code  Gb  fmod.o [4]
fputc                   0x08002f4d    0x1a  Code  Gb  CDL_Printf.o [1]
free                    0x08001509    0x7a  Code  Gb  xxmemxfree.o [3]
g_distancePerCount      0x20000000     0x8  Data  Gb  APP_MotorDriver.o [1]
g_trackWidth            0x20000008     0x8  Data  Gb  APP_MotorDriver.o [1]
hi2c1                   0x200044f0    0x44  Data  Gb  main.o [1]
htim1                   0x200046e8    0x3c  Data  Gb  APP_MotorDriver.o [1]
huart2                  0x20004534    0x40  Data  Gb  main.o [1]
inHandlerMode           0x08002cc1     0xc  Code  Lc  cmsis_os.o [1]
localeconv              0x08001e6b    0x16  Code  Gb  localeconv.o [3]
main                    0x080061c9    0xc6  Code  Gb  main.o [1]
makeFreeRtosPriority    0x08002cb5     0xc  Code  Lc  cmsis_os.o [1]
malloc                  0x080013c5    0xac  Code  Gb  xxmemxmalloc.o [3]
memchr                  0x08001361          Code  Gb  memchr.o [5]
motor_drive_loop        0x080020c9   0x20e  Code  Gb  APP_MotorDriver.o [1]
obuf                    0x2000460c    0x50  Data  Lc  xfiles.o [3]
octim1                  0x2000006c    0x1c  Data  Gb  APP_MotorDriver.o [1]
osDelay                 0x08002d17     0xe  Code  Gb  cmsis_os.o [1]
osKernelStart           0x08002ccd     0xa  Code  Gb  cmsis_os.o [1]
osSemaphoreCreate       0x08002de5    0x2c  Code  Gb  cmsis_os.o [1]
osSemaphoreRelease      0x08002e81    0x30  Code  Gb  cmsis_os.o [1]
osSemaphoreWait         0x08002e11    0x3c  Code  Gb  cmsis_os.o [1]
osSystickHandler        0x08002ee1    0x14  Code  Gb  cmsis_os.o [1]
osThreadCreate          0x08002cd7    0x36  Code  Gb  cmsis_os.o [1]
osThreadTerminate       0x08002d0d     0xa  Code  Gb  cmsis_os.o [1]
osTimerCreate           0x08002d25    0x1a  Code  Gb  cmsis_os.o [1]
osTimerStart            0x08002d3f    0xa6  Code  Gb  cmsis_os.o [1]
pos_ctrl                0x2000465c    0x48  Data  Gb  APP_MotorDriver.o [1]
printf                  0x08003a25    0x24  Code  Gb  printf.o [3]
prvAddCurrentTaskToDelayedList
                        0x080035ff    0x30  Code  Lc  tasks.o [1]
prvAllocateTCBAndStack  0x0800362f    0x38  Code  Lc  tasks.o [1]
prvCheckForValidListAndQueue
                        0x080047e5    0x4c  Code  Lc  timers.o [1]
prvCopyDataFromQueue    0x08004e05    0x26  Code  Lc  queue.o [1]
prvCopyDataToQueue      0x08004d97    0x6e  Code  Lc  queue.o [1]
prvIdleTask             0x08003551    0x5a  Code  Lc  tasks.o [1]
prvInitialiseTCBVariables
                        0x080035ab    0x54  Code  Lc  tasks.o [1]
prvInsertBlockIntoFreeList
                        0x08005653    0x46  Code  Lc  heap_4.o [1]
prvInsertTimerInActiveList
                        0x080046f7    0x34  Code  Lc  timers.o [1]
prvProcessReceivedCommands
                        0x0800472d    0xa8  Code  Lc  timers.o [1]
prvResetNextTaskUnblockTime
                        0x08003667    0x1a  Code  Lc  tasks.o [1]
prvSampleTimeNow        0x0800467d    0x7a  Code  Lc  timers.o [1]
prvTaskExitError        0x08003811    0x28  Code  Lc  port.o [1]
prvTimerTask            0x080045d9    0xa4  Code  Lc  timers.o [1]
prvUnlockQueue          0x08004e2b    0x5c  Code  Lc  queue.o [1]
putchar                 0x08006f91     0xc  Code  Gb  putchar.o [3]
pvPortMalloc            0x080054f5    0xfa  Code  Gb  heap_4.o [1]
pvTaskIncrementMutexHeldCount
                        0x0800379f    0x12  Code  Gb  tasks.o [1]
pxCurrentTCB            0x20000124     0x4  Data  Gb  tasks.o [1]
pxCurrentTimerList      0x20004724     0x4  Data  Lc  timers.o [1]
pxDelayedTaskList       0x20000128     0x4  Data  Lc  tasks.o [1]
pxEnd                   0x200008e0     0x4  Data  Lc  heap_4.o [1]
pxOverflowDelayedTaskList
                        0x2000012c     0x4  Data  Lc  tasks.o [1]
pxOverflowTimerList     0x20004728     0x4  Data  Lc  timers.o [1]
pxPortInitialiseStack   0x080037ed    0x22  Code  Gb  port.o [1]
pxReadyTasksLists       0x20004580    0x8c  Data  Lc  tasks.o [1]
set_drive_speed         0x080026d1    0x34  Code  Gb  APP_MotorDriver.o [1]
stm_loop                0x08006e25    0x26  Code  Gb  APP_STM.o [1]
strchr                  0x08001311          Code  Gb  strchr.o [5]
strlen                  0x08001329          Code  Gb  strlen.o [5]
strncmp                 0x08006a3f    0x28  Code  Gb  strncmp.o [3]
taskFlag                0x20004780     0x1  Data  Gb  main.o [1]
tpL                     0x20000094     0x4  Data  Lc  APP_MotorDriver.o [1]
tpL_timer               0x2000009c     0x4  Data  Lc  APP_MotorDriver.o [1]
tpR                     0x20000098     0x4  Data  Lc  APP_MotorDriver.o [1]
tpR_timer               0x200000a0     0x4  Data  Lc  APP_MotorDriver.o [1]
ucHeap                  0x200008f0  0x3c00  Data  Lc  heap_4.o [1]
ucMaxSysCallPriority    0x200000ec     0x1  Data  Lc  port.o [1]
ulMaxPRIGROUPValue      0x200000f4     0x4  Data  Lc  port.o [1]
usFlag                  0x20004790     0x1  Data  Gb  APP_STM.o [1]
usTime                  0x20004794     0x2  Data  Gb  APP_STM.o [1]
usTime1                 0x20004796     0x2  Data  Gb  APP_STM.o [1]
usTime2                 0x20004798     0x2  Data  Gb  APP_STM.o [1]
uwTick                  0x200047ac     0x4  Data  Gb  stm32f4xx_hal.o [1]
uxCriticalNesting       0x200000f0     0x4  Data  Lc  port.o [1]
uxCurrentNumberOfTasks  0x20000148     0x4  Data  Lc  tasks.o [1]
uxListRemove            0x080054d1    0x24  Code  Gb  list.o [1]
uxPendedTicks           0x20000158     0x4  Data  Lc  tasks.o [1]
uxSchedulerSuspended    0x2000016c     0x4  Data  Lc  tasks.o [1]
uxTaskNumber            0x20000164     0x4  Data  Lc  tasks.o [1]
uxTasksDeleted          0x20000130     0x4  Data  Lc  tasks.o [1]
uxTopReadyPriority      0x20000150     0x4  Data  Lc  tasks.o [1]
vListInitialise         0x08005467    0x1a  Code  Gb  list.o [1]
vListInitialiseItem     0x08005481     0x6  Code  Gb  list.o [1]
vListInsert             0x0800549f    0x32  Code  Gb  list.o [1]
vListInsertEnd          0x08005487    0x18  Code  Gb  list.o [1]
vPortEnableVFP          0x08005769          Code  Gb  portasm.o [1]
vPortEnterCritical      0x080038d1    0x32  Code  Gb  port.o [1]
vPortExitCritical       0x08003903    0x24  Code  Gb  port.o [1]
vPortFree               0x08005601    0x44  Code  Gb  heap_4.o [1]
vPortSetupTimerInterrupt
                        0x0800394d    0x18  Code  Wk  port.o [1]
vPortStartFirstTask     0x08005751          Code  Gb  portasm.o [1]
vPortValidateInterruptPriority
                        0x08003965    0x42  Code  Gb  port.o [1]
vQueueAddToRegistry     0x08004e87    0x20  Code  Gb  queue.o [1]
vQueueWaitForMessageRestricted
                        0x08004eb1    0x38  Code  Gb  queue.o [1]
vTaskDelay              0x080030d3    0x3a  Code  Gb  tasks.o [1]
vTaskDelete             0x0800308f    0x44  Code  Gb  tasks.o [1]
vTaskMissedYield        0x08003547     0xa  Code  Gb  tasks.o [1]
vTaskPlaceOnEventList   0x080033cf    0x18  Code  Gb  tasks.o [1]
vTaskPlaceOnEventListRestricted
                        0x08003423    0x1c  Code  Gb  tasks.o [1]
vTaskPriorityInherit    0x08003697    0x6c  Code  Gb  tasks.o [1]
vTaskSetTimeOutState    0x080034c7    0x20  Code  Gb  tasks.o [1]
vTaskStartScheduler     0x0800319f    0x5c  Code  Gb  tasks.o [1]
vTaskSuspendAll         0x080031fb     0xc  Code  Gb  tasks.o [1]
vTaskSwitchContext      0x0800337d    0x52  Code  Gb  tasks.o [1]
xActiveTimerList1       0x20004734    0x14  Data  Lc  timers.o [1]
xActiveTimerList2       0x20004748    0x14  Data  Lc  timers.o [1]
xBlockAllocatedBit      0x200008ec     0x4  Data  Lc  heap_4.o [1]
xDelayedTaskList1       0x20000170    0x14  Data  Lc  tasks.o [1]
xDelayedTaskList2       0x20000184    0x14  Data  Lc  tasks.o [1]
xFreeBytesRemaining     0x200008e4     0x4  Data  Lc  heap_4.o [1]
xMinimumEverFreeBytesRemaining
                        0x200008e8     0x4  Data  Lc  heap_4.o [1]
xNextTaskUnblockTime    0x20000168     0x4  Data  Lc  tasks.o [1]
xNumOfOverflows         0x20000160     0x4  Data  Lc  tasks.o [1]
xPendingReadyList       0x200000fc    0x14  Data  Lc  tasks.o [1]
xPortStartScheduler     0x08003839    0x84  Code  Gb  port.o [1]
xPortSysTickHandler     0x08003927    0x26  Code  Gb  port.o [1]
xQueueCreateCountingSemaphore
                        0x08004943    0x38  Code  Gb  queue.o [1]
xQueueGenericCreate     0x080048d7    0x5c  Code  Gb  queue.o [1]
xQueueGenericReceive    0x08004bdb   0x124  Code  Gb  queue.o [1]
xQueueGenericReset      0x08004865    0x72  Code  Gb  queue.o [1]
xQueueGenericSend       0x0800497b   0x128  Code  Gb  queue.o [1]
xQueueGenericSendFromISR
                        0x08004aa3    0x90  Code  Gb  queue.o [1]
xQueueGiveFromISR       0x08004b41    0x7a  Code  Gb  queue.o [1]
xQueueReceiveFromISR    0x08004d0f    0x68  Code  Gb  queue.o [1]
xQueueRegistry          0x200046a8    0x40  Data  Gb  queue.o [1]
xSchedulerRunning       0x20000154     0x4  Data  Lc  tasks.o [1]
xStart                  0x200008d8     0x8  Data  Lc  heap_4.o [1]
xSuspendedTaskList      0x20000134    0x14  Data  Lc  tasks.o [1]
xTaskCheckForTimeOut    0x080034e7    0x58  Code  Gb  tasks.o [1]
xTaskGenericCreate      0x08002f7d   0x112  Code  Gb  tasks.o [1]
xTaskGetSchedulerState  0x08003681    0x16  Code  Gb  tasks.o [1]
xTaskGetTickCount       0x080032ab     0x8  Code  Gb  tasks.o [1]
xTaskGetTickCountFromISR
                        0x080032b3     0xe  Code  Gb  tasks.o [1]
xTaskIncrementTick      0x080032c1    0xbc  Code  Gb  tasks.o [1]
xTaskPriorityDisinherit
                        0x08003703    0x7a  Code  Gb  tasks.o [1]
xTaskRemoveFromEventList
                        0x0800345d    0x56  Code  Gb  tasks.o [1]
xTaskResumeAll          0x08003207    0x90  Code  Gb  tasks.o [1]
xTasksWaitingTermination
                        0x20000110    0x14  Data  Lc  tasks.o [1]
xTickCount              0x2000014c     0x4  Data  Lc  tasks.o [1]
xTimerCreate            0x08004553    0x3c  Code  Gb  timers.o [1]
xTimerCreateTimerTask   0x0800451d    0x36  Code  Gb  timers.o [1]
xTimerGenericCommand    0x0800458f    0x48  Code  Gb  timers.o [1]
xTimerIsTimerActive     0x08004839    0x14  Code  Gb  timers.o [1]
xTimerQueue             0x2000472c     0x4  Data  Lc  timers.o [1]
xYieldPending           0x2000015c     0x4  Data  Lc  tasks.o [1]


[1] = D:\Hh\Telepresency\STM32F407Discovery\EWARM\STM32F407Discovery\Obj
[2] = command line
[3] = dl7M_tlf.a
[4] = m7M_tls.a
[5] = rt7M_tl.a
[6] = shb_l.a

  28 638 bytes of readonly  code memory
     423 bytes of readonly  data memory
  18 364 bytes of readwrite data memory

Errors: none
Warnings: none
